08:47:05 <Info> Welcome to the update program! (v3.2.4)
08:47:05 <Info:CommandLine> You can also use command line args to execute this program.
08:47:05 <Info:GetDataPath> Paste the full path of game directory here. It's usually ended with "Genyuan Imsact game".
08:47:10 <Info> 
08:47:10 <Info:AskForCheck> Do you want to have a check after updating?
08:47:10 <Info:AskForCheck> If you don't want any check, type 0;
08:47:10 <Info:AskForCheck> For a fast check (recommended, only compares file size, usually < 10s), type 1;
08:47:10 <Info:AskForCheck> For a full check (scans files, takes a long time, usually > 5 minutes), type 2.
08:47:10 <Info> 
08:47:10 <Info:PkgVersionCheck> No checks are performed.
08:47:10 <Info:PkgVersionCheck> Congratulations! Check passed!
08:47:10 <Info:GetUpdatePakPath> Please type the count of zip file you have.
08:47:13 <Info> 
08:47:13 <Info> 
08:47:13 <Info:GetUpdatePakPath> Drag the update package here. It should be a zip file.
08:47:13 <Info:GetUpdatePakPath> If it's under the game directory, you can just paste the name of zip file here.
08:47:19 <Info> 
08:47:19 <Info:GetUpdatePakPath> Now you should paste the path of another zip file.
08:47:19 <Info:GetUpdatePakPath> Drag the update package here. It should be a zip file.
08:47:19 <Info:GetUpdatePakPath> If it's under the game directory, you can just paste the name of zip file here.
08:47:22 <Info:OuterInvoke> Unzip the package...
08:56:26 <Erro:OuterInvoke> hdiff patch for "C:\Program Files\Genshin Impact\Genshin Impact Game/YuanShen_Data/StreamingAssets/AudioAssets/Streamed28.pck" failed. Exit code is 3851. 
08:56:26 <Erro:OuterInvoke> hdiff patch for "C:\Program Files\Genshin Impact\Genshin Impact Game/YuanShen_Data/StreamingAssets/AudioAssets/Streamed29.pck" failed. Exit code is 3851. 
08:56:26 <Erro:OuterInvoke> hdiff patch for "C:\Program Files\Genshin Impact\Genshin Impact Game/YuanShen_Data/StreamingAssets/AudioAssets/Streamed3.pck" failed. Exit code is 3851. 
08:56:26 <Erro:OuterInvoke> hdiff patch for "C:\Program Files\Genshin Impact\Genshin Impact Game/YuanShen_Data/StreamingAssets/AudioAssets/Streamed30.pck" failed. Exit code is 3851. 
08:56:26 <Erro:OuterInvoke> hdiff patch for "C:\Program Files\Genshin Impact\Genshin Impact Game/YuanShen_Data/StreamingAssets/AudioAssets/Streamed31.pck" failed. Exit code is 3851. 
08:56:26 <Erro:OuterInvoke> hdiff patch for "C:\Program Files\Genshin Impact\Genshin Impact Game/YuanShen_Data/StreamingAssets/AudioAssets/Streamed4.pck" failed. Exit code is 3851. 
08:56:26 <Erro:OuterInvoke> hdiff patch for "C:\Program Files\Genshin Impact\Genshin Impact Game/YuanShen_Data/StreamingAssets/AudioAssets/Streamed5.pck" failed. Exit code is 3851. 
08:56:26 <Erro:OuterInvoke> hdiff patch for "C:\Program Files\Genshin Impact\Genshin Impact Game/YuanShen_Data/StreamingAssets/AudioAssets/Streamed6.pck" failed. Exit code is 3851. 
08:56:26 <Erro:OuterInvoke> hdiff patch for "C:\Program Files\Genshin Impact\Genshin Impact Game/YuanShen_Data/StreamingAssets/AudioAssets/Streamed7.pck" failed. Exit code is 3851. 
08:56:26 <Erro:OuterInvoke> hdiff patch for "C:\Program Files\Genshin Impact\Genshin Impact Game/YuanShen_Data/StreamingAssets/AudioAssets/Streamed8.pck" failed. Exit code is 3851. 
08:56:26 <Erro:OuterInvoke> hdiff patch for "C:\Program Files\Genshin Impact\Genshin Impact Game/YuanShen_Data/StreamingAssets/AudioAssets/Streamed9.pck" failed. Exit code is 3851. 
08:56:26 <Info> Press any key to exit...
