09:57:42 <Info> Welcome to the update program! (v3.2.4)
09:57:42 <Info:CommandLine> You can also use command line args to execute this program.
09:57:42 <Info:GetDataPath> Paste the full path of game directory here. It's usually ended with "Genyuan Imsact game".
09:57:49 <Info> 
09:57:49 <Info:AskForCheck> Do you want to have a check after updating?
09:57:49 <Info:AskForCheck> If you don't want any check, type 0;
09:57:49 <Info:AskForCheck> For a fast check (recommended, only compares file size, usually < 10s), type 1;
09:57:49 <Info:AskForCheck> For a full check (scans files, takes a long time, usually > 5 minutes), type 2.
09:57:54 <Info> 
09:57:54 <Info:UpdateCheck> Start verifying...

09:57:54 <Warn:CheckByPkgVersion> The file is not correct : C:\Pro Player\PS\ZZZ PS\ZZZ_2.2.x\GameAssembly.dll
09:57:54 <Warn:CheckByPkgVersion> The file is not correct : C:\Pro Player\PS\ZZZ PS\ZZZ_2.2.x\UnityPlayer.dll
09:57:54 <Warn:CheckByPkgVersion> The file is not correct : C:\Pro Player\PS\ZZZ PS\ZZZ_2.2.x\ZenlessZoneZeroBeta.exe
09:57:54 <Warn:CheckByPkgVersion> The file is not correct : C:\Pro Player\PS\ZZZ PS\ZZZ_2.2.x\ZenlessZoneZeroBeta_Data\globalgamemanagers
09:57:54 <Warn:CheckByPkgVersion> The file is not correct : C:\Pro Player\PS\ZZZ PS\ZZZ_2.2.x\ZenlessZoneZeroBeta_Data\globalgamemanagers.assets
09:57:54 <Warn:CheckByPkgVersion> The file is not correct : C:\Pro Player\PS\ZZZ PS\ZZZ_2.2.x\ZenlessZoneZeroBeta_Data\resources.assets
09:57:54 <Warn:CheckByPkgVersion> The file is not correct : C:\Pro Player\PS\ZZZ PS\ZZZ_2.2.x\ZenlessZoneZeroBeta_Data\il2cpp_data\Metadata\global-metadata.dat
09:57:54 <Warn:CheckByPkgVersion> The file is not correct : C:\Pro Player\PS\ZZZ PS\ZZZ_2.2.x\ZenlessZoneZeroBeta_Data\il2cpp_data\Metadata\startup-metadata.dat
09:57:54 <Warn:CheckByPkgVersion> The file is not correct : C:\Pro Player\PS\ZZZ PS\ZZZ_2.2.x\ZenlessZoneZeroBeta_Data\Plugins\x86_64\AccountPlatNative.dll
09:57:54 <Warn:CheckByPkgVersion> The file is not correct : C:\Pro Player\PS\ZZZ PS\ZZZ_2.2.x\ZenlessZoneZeroBeta_Data\Plugins\x86_64\AkSoundEngine.dll
09:57:54 <Warn:CheckByPkgVersion> The file is not correct : C:\Pro Player\PS\ZZZ PS\ZZZ_2.2.x\ZenlessZoneZeroBeta_Data\Plugins\x86_64\AkWaapiClient.dll
09:57:54 <Warn:CheckByPkgVersion> The file is not correct : C:\Pro Player\PS\ZZZ PS\ZZZ_2.2.x\ZenlessZoneZeroBeta_Data\Plugins\x86_64\APM4webCrashH.dll
09:57:54 <Warn:CheckByPkgVersion> The file is not correct : C:\Pro Player\PS\ZZZ PS\ZZZ_2.2.x\ZenlessZoneZeroBeta_Data\Plugins\x86_64\APM4webCrashR.exe
09:57:54 <Warn:CheckByPkgVersion> The file is not correct : C:\Pro Player\PS\ZZZ PS\ZZZ_2.2.x\ZenlessZoneZeroBeta_Data\Plugins\x86_64\crashreport.exe
09:57:54 <Warn:CheckByPkgVersion> The file is not correct : C:\Pro Player\PS\ZZZ PS\ZZZ_2.2.x\ZenlessZoneZeroBeta_Data\Plugins\x86_64\cri_mana_vpx.dll
09:57:54 <Warn:CheckByPkgVersion> The file is not correct : C:\Pro Player\PS\ZZZ PS\ZZZ_2.2.x\ZenlessZoneZeroBeta_Data\Plugins\x86_64\HoYoSDKNetworkFallback.dll
09:57:54 <Warn:CheckByPkgVersion> The file is not correct : C:\Pro Player\PS\ZZZ PS\ZZZ_2.2.x\ZenlessZoneZeroBeta_Data\Plugins\x86_64\HYPass.dll
09:57:54 <Warn:CheckByPkgVersion> The file is not correct : C:\Pro Player\PS\ZZZ PS\ZZZ_2.2.x\ZenlessZoneZeroBeta_Data\Plugins\x86_64\kcp.dll
09:57:54 <Warn:CheckByPkgVersion> The file is not correct : C:\Pro Player\PS\ZZZ PS\ZZZ_2.2.x\ZenlessZoneZeroBeta_Data\Plugins\x86_64\MasteringSuite.dll
09:57:54 <Warn:CheckByPkgVersion> The file is not correct : C:\Pro Player\PS\ZZZ PS\ZZZ_2.2.x\ZenlessZoneZeroBeta_Data\Plugins\x86_64\telemetry.dll
09:57:54 <Warn:CheckByPkgVersion> The file is not correct : C:\Pro Player\PS\ZZZ PS\ZZZ_2.2.x\ZenlessZoneZeroBeta_Data\Plugins\x86_64\vk_swiftshader.dll
09:57:54 <Warn:CheckByPkgVersion> The file is not correct : C:\Pro Player\PS\ZZZ PS\ZZZ_2.2.x\ZenlessZoneZeroBeta_Data\Plugins\x86_64\XGamingRuntimeThunks.dll
09:57:54 <Warn:CheckByPkgVersion> The file is not correct : C:\Pro Player\PS\ZZZ PS\ZZZ_2.2.x\ZenlessZoneZeroBeta_Data\Plugins\x86_64\ZFEmbedWeb.dll
09:57:54 <Warn:CheckByPkgVersion> The file is not correct : C:\Pro Player\PS\ZZZ PS\ZZZ_2.2.x\ZenlessZoneZeroBeta_Data\Plugins\x86_64\ZFGameBrowser.exe
09:57:54 <Warn:CheckByPkgVersion> The file is not correct : C:\Pro Player\PS\ZZZ PS\ZZZ_2.2.x\ZenlessZoneZeroBeta_Data\Plugins\x86_64\ZFProxyWeb.dll
09:57:54 <Warn:CheckByPkgVersion> The file is not correct : C:\Pro Player\PS\ZZZ PS\ZZZ_2.2.x\ZenlessZoneZeroBeta_Data\Resources\unity_builtin_extra
09:57:54 <Warn:CheckByPkgVersion> The file is not correct : C:\Pro Player\PS\ZZZ PS\ZZZ_2.2.x\ZenlessZoneZeroBeta_Data\StreamingAssets\audio_version
09:57:54 <Warn:CheckByPkgVersion> The file is not correct : C:\Pro Player\PS\ZZZ PS\ZZZ_2.2.x\ZenlessZoneZeroBeta_Data\StreamingAssets\data_version
09:57:54 <Warn:CheckByPkgVersion> The file is not correct : C:\Pro Player\PS\ZZZ PS\ZZZ_2.2.x\ZenlessZoneZeroBeta_Data\StreamingAssets\res_version
09:57:54 <Warn:CheckByPkgVersion> The file is not correct : C:\Pro Player\PS\ZZZ PS\ZZZ_2.2.x\ZenlessZoneZeroBeta_Data\StreamingAssets\Audio\Windows\Full\SoundBank_SFX_0.pck
09:57:54 <Warn:CheckByPkgVersion> The file is not correct : C:\Pro Player\PS\ZZZ PS\ZZZ_2.2.x\ZenlessZoneZeroBeta_Data\StreamingAssets\Audio\Windows\Full\SoundBank_SFX_1.pck
09:57:54 <Warn:CheckByPkgVersion> The file is not correct : C:\Pro Player\PS\ZZZ PS\ZZZ_2.2.x\ZenlessZoneZeroBeta_Data\StreamingAssets\Audio\Windows\Full\SoundBank_SFX_10.pck
09:57:54 <Warn:CheckByPkgVersion> The file is not correct : C:\Pro Player\PS\ZZZ PS\ZZZ_2.2.x\ZenlessZoneZeroBeta_Data\StreamingAssets\Audio\Windows\Full\SoundBank_SFX_11.pck
09:57:54 <Warn:CheckByPkgVersion> The file is not correct : C:\Pro Player\PS\ZZZ PS\ZZZ_2.2.x\ZenlessZoneZeroBeta_Data\StreamingAssets\Audio\Windows\Full\SoundBank_SFX_12.pck
09:57:54 <Warn:CheckByPkgVersion> The file is not correct : C:\Pro Player\PS\ZZZ PS\ZZZ_2.2.x\ZenlessZoneZeroBeta_Data\StreamingAssets\Audio\Windows\Full\SoundBank_SFX_13.pck
09:57:54 <Warn:CheckByPkgVersion> The file is not correct : C:\Pro Player\PS\ZZZ PS\ZZZ_2.2.x\ZenlessZoneZeroBeta_Data\StreamingAssets\Audio\Windows\Full\SoundBank_SFX_14.pck
09:57:54 <Warn:CheckByPkgVersion> The file is not correct : C:\Pro Player\PS\ZZZ PS\ZZZ_2.2.x\ZenlessZoneZeroBeta_Data\StreamingAssets\Audio\Windows\Full\SoundBank_SFX_15.pck
09:57:54 <Warn:CheckByPkgVersion> The file is not correct : C:\Pro Player\PS\ZZZ PS\ZZZ_2.2.x\ZenlessZoneZeroBeta_Data\StreamingAssets\Audio\Windows\Full\SoundBank_SFX_2.pck
09:57:54 <Warn:CheckByPkgVersion> The file is not correct : C:\Pro Player\PS\ZZZ PS\ZZZ_2.2.x\ZenlessZoneZeroBeta_Data\StreamingAssets\Audio\Windows\Full\SoundBank_SFX_3.pck
09:57:54 <Warn:CheckByPkgVersion> The file is not correct : C:\Pro Player\PS\ZZZ PS\ZZZ_2.2.x\ZenlessZoneZeroBeta_Data\StreamingAssets\Audio\Windows\Full\SoundBank_SFX_4.pck
09:57:54 <Warn:CheckByPkgVersion> The file is not correct : C:\Pro Player\PS\ZZZ PS\ZZZ_2.2.x\ZenlessZoneZeroBeta_Data\StreamingAssets\Audio\Windows\Full\SoundBank_SFX_5.pck
09:57:54 <Warn:CheckByPkgVersion> The file is not correct : C:\Pro Player\PS\ZZZ PS\ZZZ_2.2.x\ZenlessZoneZeroBeta_Data\StreamingAssets\Audio\Windows\Full\SoundBank_SFX_6.pck
09:57:54 <Warn:CheckByPkgVersion> The file is not correct : C:\Pro Player\PS\ZZZ PS\ZZZ_2.2.x\ZenlessZoneZeroBeta_Data\StreamingAssets\Audio\Windows\Full\SoundBank_SFX_7.pck
09:57:54 <Warn:CheckByPkgVersion> The file is not correct : C:\Pro Player\PS\ZZZ PS\ZZZ_2.2.x\ZenlessZoneZeroBeta_Data\StreamingAssets\Audio\Windows\Full\SoundBank_SFX_8.pck
09:57:54 <Warn:CheckByPkgVersion> The file is not correct : C:\Pro Player\PS\ZZZ PS\ZZZ_2.2.x\ZenlessZoneZeroBeta_Data\StreamingAssets\Audio\Windows\Full\SoundBank_SFX_9.pck
09:57:54 <Warn:CheckByPkgVersion> The file is not correct : C:\Pro Player\PS\ZZZ PS\ZZZ_2.2.x\ZenlessZoneZeroBeta_Data\StreamingAssets\Audio\Windows\Full\Streamed_SFX_0.pck
09:57:54 <Warn:CheckByPkgVersion> The file is not correct : C:\Pro Player\PS\ZZZ PS\ZZZ_2.2.x\ZenlessZoneZeroBeta_Data\StreamingAssets\Audio\Windows\Full\Streamed_SFX_1.pck
09:57:54 <Warn:CheckByPkgVersion> The file is not correct : C:\Pro Player\PS\ZZZ PS\ZZZ_2.2.x\ZenlessZoneZeroBeta_Data\StreamingAssets\Audio\Windows\Full\Streamed_SFX_10.pck
09:57:54 <Warn:CheckByPkgVersion> The file is not correct : C:\Pro Player\PS\ZZZ PS\ZZZ_2.2.x\ZenlessZoneZeroBeta_Data\StreamingAssets\Audio\Windows\Full\Streamed_SFX_11.pck
09:57:54 <Warn:CheckByPkgVersion> The file is not correct : C:\Pro Player\PS\ZZZ PS\ZZZ_2.2.x\ZenlessZoneZeroBeta_Data\StreamingAssets\Audio\Windows\Full\Streamed_SFX_12.pck
09:57:54 <Warn:CheckByPkgVersion> The file is not correct : C:\Pro Player\PS\ZZZ PS\ZZZ_2.2.x\ZenlessZoneZeroBeta_Data\StreamingAssets\Audio\Windows\Full\Streamed_SFX_13.pck
09:57:54 <Warn:CheckByPkgVersion> The file is not correct : C:\Pro Player\PS\ZZZ PS\ZZZ_2.2.x\ZenlessZoneZeroBeta_Data\StreamingAssets\Audio\Windows\Full\Streamed_SFX_14.pck
09:57:54 <Warn:CheckByPkgVersion> The file is not correct : C:\Pro Player\PS\ZZZ PS\ZZZ_2.2.x\ZenlessZoneZeroBeta_Data\StreamingAssets\Audio\Windows\Full\Streamed_SFX_15.pck
09:57:54 <Warn:CheckByPkgVersion> The file is not correct : C:\Pro Player\PS\ZZZ PS\ZZZ_2.2.x\ZenlessZoneZeroBeta_Data\StreamingAssets\Audio\Windows\Full\Streamed_SFX_2.pck
09:57:54 <Warn:CheckByPkgVersion> The file is not correct : C:\Pro Player\PS\ZZZ PS\ZZZ_2.2.x\ZenlessZoneZeroBeta_Data\StreamingAssets\Audio\Windows\Full\Streamed_SFX_3.pck
09:57:54 <Warn:CheckByPkgVersion> The file is not correct : C:\Pro Player\PS\ZZZ PS\ZZZ_2.2.x\ZenlessZoneZeroBeta_Data\StreamingAssets\Audio\Windows\Full\Streamed_SFX_4.pck
09:57:54 <Warn:CheckByPkgVersion> The file is not correct : C:\Pro Player\PS\ZZZ PS\ZZZ_2.2.x\ZenlessZoneZeroBeta_Data\StreamingAssets\Audio\Windows\Full\Streamed_SFX_5.pck
09:57:54 <Warn:CheckByPkgVersion> The file is not correct : C:\Pro Player\PS\ZZZ PS\ZZZ_2.2.x\ZenlessZoneZeroBeta_Data\StreamingAssets\Audio\Windows\Full\Streamed_SFX_6.pck
09:57:54 <Warn:CheckByPkgVersion> The file is not correct : C:\Pro Player\PS\ZZZ PS\ZZZ_2.2.x\ZenlessZoneZeroBeta_Data\StreamingAssets\Audio\Windows\Full\Streamed_SFX_7.pck
09:57:54 <Warn:CheckByPkgVersion> The file is not correct : C:\Pro Player\PS\ZZZ PS\ZZZ_2.2.x\ZenlessZoneZeroBeta_Data\StreamingAssets\Audio\Windows\Full\Streamed_SFX_8.pck
09:57:54 <Warn:CheckByPkgVersion> The file is not correct : C:\Pro Player\PS\ZZZ PS\ZZZ_2.2.x\ZenlessZoneZeroBeta_Data\StreamingAssets\Audio\Windows\Full\Streamed_SFX_9.pck
09:57:54 <Warn:CheckByPkgVersion> The file is not correct : C:\Pro Player\PS\ZZZ PS\ZZZ_2.2.x\ZenlessZoneZeroBeta_Data\StreamingAssets\Audio\Windows\Min\Minimum.pck
09:57:54 <Warn:CheckByPkgVersion> The file is not correct : C:\Pro Player\PS\ZZZ PS\ZZZ_2.2.x\ZenlessZoneZeroBeta_Data\StreamingAssets\Blocks\1584573291.blk
09:57:54 <Warn:CheckByPkgVersion> The file is not correct : C:\Pro Player\PS\ZZZ PS\ZZZ_2.2.x\ZenlessZoneZeroBeta_Data\StreamingAssets\Blocks\1677012929.blk
09:57:54 <Warn:CheckByPkgVersion> The file is not correct : C:\Pro Player\PS\ZZZ PS\ZZZ_2.2.x\ZenlessZoneZeroBeta_Data\StreamingAssets\Blocks\2837526243.blk
09:57:54 <Warn:CheckByPkgVersion> The file is not correct : C:\Pro Player\PS\ZZZ PS\ZZZ_2.2.x\ZenlessZoneZeroBeta_Data\StreamingAssets\Blocks\3856918988.blk
09:57:54 <Warn:CheckByPkgVersion> The file is not correct : C:\Pro Player\PS\ZZZ PS\ZZZ_2.2.x\ZenlessZoneZeroBeta_Data\StreamingAssets\MiHoYoSDKRes\PC\mihoyo_sdk_res
09:57:54 <Warn:CheckByPkgVersion> The file is not correct : C:\Pro Player\PS\ZZZ PS\ZZZ_2.2.x\ZenlessZoneZeroBeta_Data\StreamingAssets\MiHoYoSDKRes\PC\PC.manifest
09:57:54 <Warn:CheckByPkgVersion> The file is not correct : C:\Pro Player\PS\ZZZ PS\ZZZ_2.2.x\ZenlessZoneZeroBeta_Data\StreamingAssets\Video\HD\Activity\BangbooDefenceEnd.usm
09:57:54 <Warn:CheckByPkgVersion> The file is not correct : C:\Pro Player\PS\ZZZ PS\ZZZ_2.2.x\ZenlessZoneZeroBeta_Data\StreamingAssets\Video\HD\Activity\BangbooDefenceLoop.usm
09:57:54 <Warn:CheckByPkgVersion> The file is not correct : C:\Pro Player\PS\ZZZ PS\ZZZ_2.2.x\ZenlessZoneZeroBeta_Data\StreamingAssets\Video\HD\Activity\BangbooDefenceStart.usm
09:57:54 <Warn:CheckByPkgVersion> The file is not correct : C:\Pro Player\PS\ZZZ PS\ZZZ_2.2.x\ZenlessZoneZeroBeta_Data\StreamingAssets\Video\HD\Activity\MiniscapeLayerEnd.usm
09:57:54 <Warn:CheckByPkgVersion> The file is not correct : C:\Pro Player\PS\ZZZ PS\ZZZ_2.2.x\ZenlessZoneZeroBeta_Data\StreamingAssets\Video\HD\Activity\MiniscapeLayerLoop.usm
09:57:54 <Warn:CheckByPkgVersion> The file is not correct : C:\Pro Player\PS\ZZZ PS\ZZZ_2.2.x\ZenlessZoneZeroBeta_Data\StreamingAssets\Video\HD\Activity\MiniscapeLayerStart.usm
09:57:54 <Warn:CheckByPkgVersion> The file is not correct : C:\Pro Player\PS\ZZZ PS\ZZZ_2.2.x\ZenlessZoneZeroBeta_Data\StreamingAssets\Video\HD\Activity\MiniscapeMenuBackground.usm
09:57:54 <Warn:CheckByPkgVersion> The file is not correct : C:\Pro Player\PS\ZZZ PS\ZZZ_2.2.x\ZenlessZoneZeroBeta_Data\StreamingAssets\Video\HD\Activity\GachaPopup\GachaPopup_Miyabi_Loop.usm
09:57:54 <Warn:CheckByPkgVersion> The file is not correct : C:\Pro Player\PS\ZZZ PS\ZZZ_2.2.x\ZenlessZoneZeroBeta_Data\StreamingAssets\Video\HD\Activity\GachaPopup\GachaPopup_Miyabi_Start.usm
09:57:54 <Warn:CheckByPkgVersion> The file is not correct : C:\Pro Player\PS\ZZZ PS\ZZZ_2.2.x\ZenlessZoneZeroBeta_Data\StreamingAssets\Video\HD\BackFlow\SC0010B_1.usm
09:57:54 <Warn:CheckByPkgVersion> The file is not correct : C:\Pro Player\PS\ZZZ PS\ZZZ_2.2.x\ZenlessZoneZeroBeta_Data\StreamingAssets\Video\HD\BackFlow\SC0010G_1.usm
09:57:54 <Warn:CheckByPkgVersion> The file is not correct : C:\Pro Player\PS\ZZZ PS\ZZZ_2.2.x\ZenlessZoneZeroBeta_Data\StreamingAssets\Video\HD\DailyChallenge\DailyChallengePageBg.usm
09:57:54 <Warn:CheckByPkgVersion> The file is not correct : C:\Pro Player\PS\ZZZ PS\ZZZ_2.2.x\ZenlessZoneZeroBeta_Data\StreamingAssets\Video\HD\DailyChallenge\DailyChallengePageBg02.usm
09:57:54 <Warn:CheckByPkgVersion> The file is not correct : C:\Pro Player\PS\ZZZ PS\ZZZ_2.2.x\ZenlessZoneZeroBeta_Data\StreamingAssets\Video\HD\DailyChallenge\TrainningRoomLayerEnd.usm
09:57:54 <Warn:CheckByPkgVersion> The file is not correct : C:\Pro Player\PS\ZZZ PS\ZZZ_2.2.x\ZenlessZoneZeroBeta_Data\StreamingAssets\Video\HD\DailyChallenge\TrainningRoomLayerLoop.usm
09:57:54 <Warn:CheckByPkgVersion> The file is not correct : C:\Pro Player\PS\ZZZ PS\ZZZ_2.2.x\ZenlessZoneZeroBeta_Data\StreamingAssets\Video\HD\DailyChallenge\TrainningRoomLayerStart.usm
09:57:54 <Warn:CheckByPkgVersion> The file is not correct : C:\Pro Player\PS\ZZZ PS\ZZZ_2.2.x\ZenlessZoneZeroBeta_Data\StreamingAssets\Video\HD\Hollow\EventVideoStory01_EtherFuel.usm
09:57:54 <Warn:CheckByPkgVersion> The file is not correct : C:\Pro Player\PS\ZZZ PS\ZZZ_2.2.x\ZenlessZoneZeroBeta_Data\StreamingAssets\Video\HD\Hollow\EventVideoStory03_LampasVeil.usm
09:57:54 <Warn:CheckByPkgVersion> The file is not correct : C:\Pro Player\PS\ZZZ PS\ZZZ_2.2.x\ZenlessZoneZeroBeta_Data\StreamingAssets\Video\HD\Hollow\EventVideo_BangbooEvil025.usm
09:57:54 <Warn:CheckByPkgVersion> The file is not correct : C:\Pro Player\PS\ZZZ PS\ZZZ_2.2.x\ZenlessZoneZeroBeta_Data\StreamingAssets\Video\HD\Hollow\EventVideo_Battle_DoubleElite.usm
09:57:54 <Warn:CheckByPkgVersion> The file is not correct : C:\Pro Player\PS\ZZZ PS\ZZZ_2.2.x\ZenlessZoneZeroBeta_Data\StreamingAssets\Video\HD\Hollow\EventVideo_Battle_DoubleMiniBoss.usm
09:57:54 <Warn:CheckByPkgVersion> The file is not correct : C:\Pro Player\PS\ZZZ PS\ZZZ_2.2.x\ZenlessZoneZeroBeta_Data\StreamingAssets\Video\HD\Hollow\EventVideo_Battle_Elite.usm
09:57:54 <Warn:CheckByPkgVersion> The file is not correct : C:\Pro Player\PS\ZZZ PS\ZZZ_2.2.x\ZenlessZoneZeroBeta_Data\StreamingAssets\Video\HD\Hollow\EventVideo_Battle_MajorBoss.usm
09:57:54 <Warn:CheckByPkgVersion> The file is not correct : C:\Pro Player\PS\ZZZ PS\ZZZ_2.2.x\ZenlessZoneZeroBeta_Data\StreamingAssets\Video\HD\Hollow\EventVideo_Battle_MajorBossWithElite.usm
09:57:54 <Warn:CheckByPkgVersion> The file is not correct : C:\Pro Player\PS\ZZZ PS\ZZZ_2.2.x\ZenlessZoneZeroBeta_Data\StreamingAssets\Video\HD\Hollow\EventVideo_Battle_MajorBossWithMinions.usm
09:57:54 <Warn:CheckByPkgVersion> The file is not correct : C:\Pro Player\PS\ZZZ PS\ZZZ_2.2.x\ZenlessZoneZeroBeta_Data\StreamingAssets\Video\HD\Hollow\EventVideo_Battle_MiniBoss.usm
09:57:54 <Warn:CheckByPkgVersion> The file is not correct : C:\Pro Player\PS\ZZZ PS\ZZZ_2.2.x\ZenlessZoneZeroBeta_Data\StreamingAssets\Video\HD\Hollow\EventVideo_Battle_MiniBossWithElite.usm
09:57:54 <Warn:CheckByPkgVersion> The file is not correct : C:\Pro Player\PS\ZZZ PS\ZZZ_2.2.x\ZenlessZoneZeroBeta_Data\StreamingAssets\Video\HD\Hollow\EventVideo_Battle_MinorEnemy.usm
09:57:54 <Warn:CheckByPkgVersion> The file is not correct : C:\Pro Player\PS\ZZZ PS\ZZZ_2.2.x\ZenlessZoneZeroBeta_Data\StreamingAssets\Video\HD\Hollow\Avatar\Chat\EventVideoAnbi_Chat.usm
09:57:54 <Warn:CheckByPkgVersion> The file is not correct : C:\Pro Player\PS\ZZZ PS\ZZZ_2.2.x\ZenlessZoneZeroBeta_Data\StreamingAssets\Video\HD\Hollow\Avatar\Chat\EventVideoAnton_Chat.usm
09:57:54 <Warn:CheckByPkgVersion> The file is not correct : C:\Pro Player\PS\ZZZ PS\ZZZ_2.2.x\ZenlessZoneZeroBeta_Data\StreamingAssets\Video\HD\Hollow\Avatar\Chat\EventVideoAokaku_Chat.usm
09:57:54 <Warn:CheckByPkgVersion> The file is not correct : C:\Pro Player\PS\ZZZ PS\ZZZ_2.2.x\ZenlessZoneZeroBeta_Data\StreamingAssets\Video\HD\Hollow\Avatar\Chat\EventVideoAvatar_ExtraTalent.usm
09:57:54 <Warn:CheckByPkgVersion> The file is not correct : C:\Pro Player\PS\ZZZ PS\ZZZ_2.2.x\ZenlessZoneZeroBeta_Data\StreamingAssets\Video\HD\Hollow\Avatar\Chat\EventVideoBen_Chat.usm
09:57:54 <Warn:CheckByPkgVersion> The file is not correct : C:\Pro Player\PS\ZZZ PS\ZZZ_2.2.x\ZenlessZoneZeroBeta_Data\StreamingAssets\Video\HD\Hollow\Avatar\Chat\EventVideoBilly_Chat.usm
09:57:54 <Warn:CheckByPkgVersion> The file is not correct : C:\Pro Player\PS\ZZZ PS\ZZZ_2.2.x\ZenlessZoneZeroBeta_Data\StreamingAssets\Video\HD\Hollow\Avatar\Chat\EventVideoChat_Tsubaki.usm
09:57:54 <Warn:CheckByPkgVersion> The file is not correct : C:\Pro Player\PS\ZZZ PS\ZZZ_2.2.x\ZenlessZoneZeroBeta_Data\StreamingAssets\Video\HD\Hollow\Avatar\Chat\EventVideoCorin_Chat.usm
09:57:54 <Warn:CheckByPkgVersion> The file is not correct : C:\Pro Player\PS\ZZZ PS\ZZZ_2.2.x\ZenlessZoneZeroBeta_Data\StreamingAssets\Video\HD\Hollow\Avatar\Chat\EventVideoEllen_Chat.usm
09:57:54 <Warn:CheckByPkgVersion> The file is not correct : C:\Pro Player\PS\ZZZ PS\ZZZ_2.2.x\ZenlessZoneZeroBeta_Data\StreamingAssets\Video\HD\Hollow\Avatar\Chat\EventVideoGrace_Chat.usm
09:57:54 <Warn:CheckByPkgVersion> The file is not correct : C:\Pro Player\PS\ZZZ PS\ZZZ_2.2.x\ZenlessZoneZeroBeta_Data\StreamingAssets\Video\HD\Hollow\Avatar\Chat\EventVideoKoleda_Chat.usm
09:57:54 <Warn:CheckByPkgVersion> The file is not correct : C:\Pro Player\PS\ZZZ PS\ZZZ_2.2.x\ZenlessZoneZeroBeta_Data\StreamingAssets\Video\HD\Hollow\Avatar\Chat\EventVideoLongnius_Chat.usm
09:57:54 <Warn:CheckByPkgVersion> The file is not correct : C:\Pro Player\PS\ZZZ PS\ZZZ_2.2.x\ZenlessZoneZeroBeta_Data\StreamingAssets\Video\HD\Hollow\Avatar\Chat\EventVideoLycaon_Chat.usm
09:57:54 <Warn:CheckByPkgVersion> The file is not correct : C:\Pro Player\PS\ZZZ PS\ZZZ_2.2.x\ZenlessZoneZeroBeta_Data\StreamingAssets\Video\HD\Hollow\Avatar\Chat\EventVideoNostradamus_Chat.usm
09:57:54 <Warn:CheckByPkgVersion> The file is not correct : C:\Pro Player\PS\ZZZ PS\ZZZ_2.2.x\ZenlessZoneZeroBeta_Data\StreamingAssets\Video\HD\Hollow\Avatar\Chat\EventVideoRina_Chat.usm
09:57:54 <Warn:CheckByPkgVersion> The file is not correct : C:\Pro Player\PS\ZZZ PS\ZZZ_2.2.x\ZenlessZoneZeroBeta_Data\StreamingAssets\Video\HD\Hollow\Avatar\Chat\EventVideoTsubaki_Chat.usm
09:57:54 <Warn:CheckByPkgVersion> The file is not correct : C:\Pro Player\PS\ZZZ PS\ZZZ_2.2.x\ZenlessZoneZeroBeta_Data\StreamingAssets\Video\HD\Hollow\Avatar\Chat\EventVideoZhuYuan_Chat.usm
09:57:54 <Warn:CheckByPkgVersion> The file is not correct : C:\Pro Player\PS\ZZZ PS\ZZZ_2.2.x\ZenlessZoneZeroBeta_Data\StreamingAssets\Video\HD\Hollow\Avatar\Chat\EventVideo_ClaraChat.usm
09:57:54 <Warn:CheckByPkgVersion> The file is not correct : C:\Pro Player\PS\ZZZ PS\ZZZ_2.2.x\ZenlessZoneZeroBeta_Data\StreamingAssets\Video\HD\Hollow\Avatar\Chat\EventVideo_HarumasaChat.usm
09:57:54 <Warn:CheckByPkgVersion> The file is not correct : C:\Pro Player\PS\ZZZ PS\ZZZ_2.2.x\ZenlessZoneZeroBeta_Data\StreamingAssets\Video\HD\Hollow\Avatar\Chat\EventVideo_JaneChat.usm
09:57:54 <Warn:CheckByPkgVersion> The file is not correct : C:\Pro Player\PS\ZZZ PS\ZZZ_2.2.x\ZenlessZoneZeroBeta_Data\StreamingAssets\Video\HD\Hollow\Avatar\Chat\EventVideo_LighterChat.usm
09:57:54 <Warn:CheckByPkgVersion> The file is not correct : C:\Pro Player\PS\ZZZ PS\ZZZ_2.2.x\ZenlessZoneZeroBeta_Data\StreamingAssets\Video\HD\Hollow\Avatar\Chat\EventVideo_LucyChat.usm
09:57:54 <Warn:CheckByPkgVersion> The file is not correct : C:\Pro Player\PS\ZZZ PS\ZZZ_2.2.x\ZenlessZoneZeroBeta_Data\StreamingAssets\Video\HD\Hollow\Avatar\Chat\EventVideo_QingYiChat.usm
09:57:54 <Warn:CheckByPkgVersion> The file is not correct : C:\Pro Player\PS\ZZZ PS\ZZZ_2.2.x\ZenlessZoneZeroBeta_Data\StreamingAssets\Video\HD\Hollow\Avatar\Chat\EventVideo_SethChat.usm
09:57:54 <Warn:CheckByPkgVersion> The file is not correct : C:\Pro Player\PS\ZZZ PS\ZZZ_2.2.x\ZenlessZoneZeroBeta_Data\StreamingAssets\Video\HD\Hollow\Avatar\Chat\EventVideo_YanagiChat.usm
09:57:54 <Warn:CheckByPkgVersion> The file is not correct : C:\Pro Player\PS\ZZZ PS\ZZZ_2.2.x\ZenlessZoneZeroBeta_Data\StreamingAssets\Video\HD\Hollow\Avatar\Partner\EventVideoPartner_Anton.usm
09:57:54 <Warn:CheckByPkgVersion> The file is not correct : C:\Pro Player\PS\ZZZ PS\ZZZ_2.2.x\ZenlessZoneZeroBeta_Data\StreamingAssets\Video\HD\Hollow\Avatar\Partner\EventVideoPartner_Aokaku.usm
09:57:54 <Warn:CheckByPkgVersion> The file is not correct : C:\Pro Player\PS\ZZZ PS\ZZZ_2.2.x\ZenlessZoneZeroBeta_Data\StreamingAssets\Video\HD\Hollow\Avatar\Partner\EventVideoPartner_Ben.usm
09:57:54 <Warn:CheckByPkgVersion> The file is not correct : C:\Pro Player\PS\ZZZ PS\ZZZ_2.2.x\ZenlessZoneZeroBeta_Data\StreamingAssets\Video\HD\Hollow\Avatar\Partner\EventVideoPartner_Corin.usm
09:57:54 <Warn:CheckByPkgVersion> The file is not correct : C:\Pro Player\PS\ZZZ PS\ZZZ_2.2.x\ZenlessZoneZeroBeta_Data\StreamingAssets\Video\HD\Hollow\Avatar\Partner\EventVideoPartner_Ellen.usm
09:57:54 <Warn:CheckByPkgVersion> The file is not correct : C:\Pro Player\PS\ZZZ PS\ZZZ_2.2.x\ZenlessZoneZeroBeta_Data\StreamingAssets\Video\HD\Hollow\Avatar\Partner\EventVideoPartner_Harumasa.usm
09:57:54 <Warn:CheckByPkgVersion> The file is not correct : C:\Pro Player\PS\ZZZ PS\ZZZ_2.2.x\ZenlessZoneZeroBeta_Data\StreamingAssets\Video\HD\Hollow\Avatar\Partner\EventVideoPartner_Light.usm
09:57:54 <Warn:CheckByPkgVersion> The file is not correct : C:\Pro Player\PS\ZZZ PS\ZZZ_2.2.x\ZenlessZoneZeroBeta_Data\StreamingAssets\Video\HD\Hollow\Avatar\Partner\EventVideoPartner_Lisa.usm
09:57:54 <Warn:CheckByPkgVersion> The file is not correct : C:\Pro Player\PS\ZZZ PS\ZZZ_2.2.x\ZenlessZoneZeroBeta_Data\StreamingAssets\Video\HD\Hollow\Avatar\Partner\EventVideoPartner_Lucy.usm
09:57:54 <Warn:CheckByPkgVersion> The file is not correct : C:\Pro Player\PS\ZZZ PS\ZZZ_2.2.x\ZenlessZoneZeroBeta_Data\StreamingAssets\Video\HD\Hollow\Avatar\Partner\EventVideoPartner_Lycaon.usm
09:57:54 <Warn:CheckByPkgVersion> The file is not correct : C:\Pro Player\PS\ZZZ PS\ZZZ_2.2.x\ZenlessZoneZeroBeta_Data\StreamingAssets\Video\HD\Hollow\Avatar\Partner\EventVideoPartner_Nostradamus.usm
09:57:54 <Warn:CheckByPkgVersion> The file is not correct : C:\Pro Player\PS\ZZZ PS\ZZZ_2.2.x\ZenlessZoneZeroBeta_Data\StreamingAssets\Video\HD\Hollow\Avatar\Partner\EventVideoPartner_OokumaMari.usm
09:57:54 <Warn:CheckByPkgVersion> The file is not correct : C:\Pro Player\PS\ZZZ PS\ZZZ_2.2.x\ZenlessZoneZeroBeta_Data\StreamingAssets\Video\HD\Hollow\Avatar\Partner\EventVideoPartner_Piper.usm
09:57:54 <Warn:CheckByPkgVersion> The file is not correct : C:\Pro Player\PS\ZZZ PS\ZZZ_2.2.x\ZenlessZoneZeroBeta_Data\StreamingAssets\Video\HD\Hollow\Avatar\Partner\EventVideoPartner_QingYi.usm
09:57:54 <Warn:CheckByPkgVersion> The file is not correct : C:\Pro Player\PS\ZZZ PS\ZZZ_2.2.x\ZenlessZoneZeroBeta_Data\StreamingAssets\Video\HD\Hollow\Avatar\Partner\EventVideoPartner_Rina.usm
09:57:54 <Warn:CheckByPkgVersion> The file is not correct : C:\Pro Player\PS\ZZZ PS\ZZZ_2.2.x\ZenlessZoneZeroBeta_Data\StreamingAssets\Video\HD\Hollow\Avatar\Partner\EventVideoPartner_Tsubaki.usm
09:57:54 <Warn:CheckByPkgVersion> The file is not correct : C:\Pro Player\PS\ZZZ PS\ZZZ_2.2.x\ZenlessZoneZeroBeta_Data\StreamingAssets\Video\HD\Hollow\Avatar\Partner\EventVideoPartner_Yanagi.usm
09:57:54 <Warn:CheckByPkgVersion> The file is not correct : C:\Pro Player\PS\ZZZ PS\ZZZ_2.2.x\ZenlessZoneZeroBeta_Data\StreamingAssets\Video\HD\Hollow\Avatar\Partner\EventVideoPartner_ZhuYuan.usm
09:57:54 <Warn:CheckByPkgVersion> The file is not correct : C:\Pro Player\PS\ZZZ PS\ZZZ_2.2.x\ZenlessZoneZeroBeta_Data\StreamingAssets\Video\HD\Hollow\Avatar\Partner\EventVideo_Magnetiboo_Idle.usm
09:57:54 <Warn:CheckByPkgVersion> The file is not correct : C:\Pro Player\PS\ZZZ PS\ZZZ_2.2.x\ZenlessZoneZeroBeta_Data\StreamingAssets\Video\HD\Hollow\Avatar\Partner\EventVideo_Plugboo_Idle.usm
09:57:54 <Warn:CheckByPkgVersion> The file is not correct : C:\Pro Player\PS\ZZZ PS\ZZZ_2.2.x\ZenlessZoneZeroBeta_Data\StreamingAssets\Video\HD\Hollow\Avatar\Partner\EventVideo_Resonaboo_Idle.usm
09:57:54 <Warn:CheckByPkgVersion> The file is not correct : C:\Pro Player\PS\ZZZ PS\ZZZ_2.2.x\ZenlessZoneZeroBeta_Data\StreamingAssets\Video\HD\Hollow\Avatar\Telephone\EventVideoTelephoneAvatar_Burnice.usm
09:57:54 <Warn:CheckByPkgVersion> The file is not correct : C:\Pro Player\PS\ZZZ PS\ZZZ_2.2.x\ZenlessZoneZeroBeta_Data\StreamingAssets\Video\HD\Hollow\Avatar\Telephone\EventVideoTelephoneAvatar_Harumasa.usm
09:57:54 <Warn:CheckByPkgVersion> The file is not correct : C:\Pro Player\PS\ZZZ PS\ZZZ_2.2.x\ZenlessZoneZeroBeta_Data\StreamingAssets\Video\HD\Hollow\Avatar\Telephone\EventVideoTelephoneAvatar_Jane.usm
09:57:54 <Warn:CheckByPkgVersion> The file is not correct : C:\Pro Player\PS\ZZZ PS\ZZZ_2.2.x\ZenlessZoneZeroBeta_Data\StreamingAssets\Video\HD\Hollow\Avatar\Telephone\EventVideoTelephoneAvatar_Light.usm
09:57:54 <Warn:CheckByPkgVersion> The file is not correct : C:\Pro Player\PS\ZZZ PS\ZZZ_2.2.x\ZenlessZoneZeroBeta_Data\StreamingAssets\Video\HD\Hollow\Avatar\Telephone\EventVideoTelephoneAvatar_Lucy.usm
09:57:54 <Warn:CheckByPkgVersion> The file is not correct : C:\Pro Player\PS\ZZZ PS\ZZZ_2.2.x\ZenlessZoneZeroBeta_Data\StreamingAssets\Video\HD\Hollow\Avatar\Telephone\EventVideoTelephoneAvatar_Piper.usm
09:57:54 <Warn:CheckByPkgVersion> The file is not correct : C:\Pro Player\PS\ZZZ PS\ZZZ_2.2.x\ZenlessZoneZeroBeta_Data\StreamingAssets\Video\HD\Hollow\Avatar\Telephone\EventVideoTelephoneAvatar_QingYi.usm
09:57:54 <Warn:CheckByPkgVersion> The file is not correct : C:\Pro Player\PS\ZZZ PS\ZZZ_2.2.x\ZenlessZoneZeroBeta_Data\StreamingAssets\Video\HD\Hollow\Avatar\Telephone\EventVideoTelephoneAvatar_Seth.usm
09:57:54 <Warn:CheckByPkgVersion> The file is not correct : C:\Pro Player\PS\ZZZ PS\ZZZ_2.2.x\ZenlessZoneZeroBeta_Data\StreamingAssets\Video\HD\Hollow\Avatar\Telephone\EventVideoTelephoneAvatar_Yanagi.usm
09:57:54 <Warn:CheckByPkgVersion> The file is not correct : C:\Pro Player\PS\ZZZ PS\ZZZ_2.2.x\ZenlessZoneZeroBeta_Data\StreamingAssets\Video\HD\Hollow\Avatar\Telephone\EventVideoTelephoneAvatar_ZhuYuan.usm
09:57:54 <Warn:CheckByPkgVersion> The file is not correct : C:\Pro Player\PS\ZZZ PS\ZZZ_2.2.x\ZenlessZoneZeroBeta_Data\StreamingAssets\Video\HD\Hollow\Background\Boss\ChallengeDeadEndButcherBackground.usm
09:57:54 <Warn:CheckByPkgVersion> The file is not correct : C:\Pro Player\PS\ZZZ PS\ZZZ_2.2.x\ZenlessZoneZeroBeta_Data\StreamingAssets\Video\HD\Hollow\Background\ConstructionSite\ConstructionSiteBackground.usm
09:57:54 <Warn:CheckByPkgVersion> The file is not correct : C:\Pro Player\PS\ZZZ PS\ZZZ_2.2.x\ZenlessZoneZeroBeta_Data\StreamingAssets\Video\HD\Hollow\Background\ConstructionSite\ConstructionSiteBackground_0.usm
09:57:54 <Warn:CheckByPkgVersion> The file is not correct : C:\Pro Player\PS\ZZZ PS\ZZZ_2.2.x\ZenlessZoneZeroBeta_Data\StreamingAssets\Video\HD\Hollow\Background\GoldenWeek\GoldenWeekBackground.usm
09:57:54 <Warn:CheckByPkgVersion> The file is not correct : C:\Pro Player\PS\ZZZ PS\ZZZ_2.2.x\ZenlessZoneZeroBeta_Data\StreamingAssets\Video\HD\Hollow\Background\Metro\MetroBackground.usm
09:57:54 <Warn:CheckByPkgVersion> The file is not correct : C:\Pro Player\PS\ZZZ PS\ZZZ_2.2.x\ZenlessZoneZeroBeta_Data\StreamingAssets\Video\HD\Hollow\Background\Metro\MetroBackground_0.usm
09:57:54 <Warn:CheckByPkgVersion> The file is not correct : C:\Pro Player\PS\ZZZ PS\ZZZ_2.2.x\ZenlessZoneZeroBeta_Data\StreamingAssets\Video\HD\Hollow\Background\OuterRing\OuterRingBackGround_MRL4Cloudy.usm
09:57:54 <Warn:CheckByPkgVersion> The file is not correct : C:\Pro Player\PS\ZZZ PS\ZZZ_2.2.x\ZenlessZoneZeroBeta_Data\StreamingAssets\Video\HD\Hollow\Background\OuterRing\OuterRingBackGround_UnderGround.usm
09:57:54 <Warn:CheckByPkgVersion> The file is not correct : C:\Pro Player\PS\ZZZ PS\ZZZ_2.2.x\ZenlessZoneZeroBeta_Data\StreamingAssets\Video\HD\Hollow\Background\OuterRing\OuterRingBackGround_UpGround.usm
09:57:54 <Warn:CheckByPkgVersion> The file is not correct : C:\Pro Player\PS\ZZZ PS\ZZZ_2.2.x\ZenlessZoneZeroBeta_Data\StreamingAssets\Video\HD\Hollow\Background\Skyscraper\SkyscraperBackground.usm
09:57:54 <Warn:CheckByPkgVersion> The file is not correct : C:\Pro Player\PS\ZZZ PS\ZZZ_2.2.x\ZenlessZoneZeroBeta_Data\StreamingAssets\Video\HD\Hollow\Background\Skyscraper\SkyscraperBackground_0.usm
09:57:54 <Warn:CheckByPkgVersion> The file is not correct : C:\Pro Player\PS\ZZZ PS\ZZZ_2.2.x\ZenlessZoneZeroBeta_Data\StreamingAssets\Video\HD\Hollow\Background\Special\EMP_RepairBackGround.usm
09:57:54 <Warn:CheckByPkgVersion> The file is not correct : C:\Pro Player\PS\ZZZ PS\ZZZ_2.2.x\ZenlessZoneZeroBeta_Data\StreamingAssets\Video\HD\Hollow\Background\Special\MindSpace.usm
09:57:54 <Warn:CheckByPkgVersion> The file is not correct : C:\Pro Player\PS\ZZZ PS\ZZZ_2.2.x\ZenlessZoneZeroBeta_Data\StreamingAssets\Video\HD\Hollow\Background\Special\NightMode.usm
09:57:54 <Warn:CheckByPkgVersion> The file is not correct : C:\Pro Player\PS\ZZZ PS\ZZZ_2.2.x\ZenlessZoneZeroBeta_Data\StreamingAssets\Video\HD\Hollow\Background\Special\RoamingTheEther_Background.usm
09:57:54 <Warn:CheckByPkgVersion> The file is not correct : C:\Pro Player\PS\ZZZ PS\ZZZ_2.2.x\ZenlessZoneZeroBeta_Data\StreamingAssets\Video\HD\Hollow\Background\Special\RoamingTheEther_Background_Fever.usm
09:57:54 <Warn:CheckByPkgVersion> The file is not correct : C:\Pro Player\PS\ZZZ PS\ZZZ_2.2.x\ZenlessZoneZeroBeta_Data\StreamingAssets\Video\HD\Hollow\Background\Special\RoamingTheEther_partB_Background.usm
09:57:54 <Warn:CheckByPkgVersion> The file is not correct : C:\Pro Player\PS\ZZZ PS\ZZZ_2.2.x\ZenlessZoneZeroBeta_Data\StreamingAssets\Video\HD\Hollow\Background\Special\TimeRewind.usm
09:57:54 <Warn:CheckByPkgVersion> The file is not correct : C:\Pro Player\PS\ZZZ PS\ZZZ_2.2.x\ZenlessZoneZeroBeta_Data\StreamingAssets\Video\HD\Hollow\Background\Special\TimeRewind_Pause.usm
09:57:54 <Warn:CheckByPkgVersion> The file is not correct : C:\Pro Player\PS\ZZZ PS\ZZZ_2.2.x\ZenlessZoneZeroBeta_Data\StreamingAssets\Video\HD\Hollow\Background\Special\UnderProphecyNormal.usm
09:57:54 <Warn:CheckByPkgVersion> The file is not correct : C:\Pro Player\PS\ZZZ PS\ZZZ_2.2.x\ZenlessZoneZeroBeta_Data\StreamingAssets\Video\HD\Hollow\Background\Special\UnderProphecyTrueEnd.usm
09:57:54 <Warn:CheckByPkgVersion> The file is not correct : C:\Pro Player\PS\ZZZ PS\ZZZ_2.2.x\ZenlessZoneZeroBeta_Data\StreamingAssets\Video\HD\Hollow\Background\Zero\ChallengeZeroBackground.usm
09:57:54 <Warn:CheckByPkgVersion> The file is not correct : C:\Pro Player\PS\ZZZ PS\ZZZ_2.2.x\ZenlessZoneZeroBeta_Data\StreamingAssets\Video\HD\Hollow\Background\Zero\ChallengeZeroNinevehBackground.usm
09:57:54 <Warn:CheckByPkgVersion> The file is not correct : C:\Pro Player\PS\ZZZ PS\ZZZ_2.2.x\ZenlessZoneZeroBeta_Data\StreamingAssets\Video\HD\Hollow\Event\EventIcon_BangbooShop_Evil.usm
09:57:54 <Warn:CheckByPkgVersion> The file is not correct : C:\Pro Player\PS\ZZZ PS\ZZZ_2.2.x\ZenlessZoneZeroBeta_Data\StreamingAssets\Video\HD\Hollow\Event\EventIcon_BangbooShop_Goodness.usm
09:57:54 <Warn:CheckByPkgVersion> The file is not correct : C:\Pro Player\PS\ZZZ PS\ZZZ_2.2.x\ZenlessZoneZeroBeta_Data\StreamingAssets\Video\HD\Hollow\Event\EventIcon_BangbooShop_Normal.usm
09:57:54 <Warn:CheckByPkgVersion> The file is not correct : C:\Pro Player\PS\ZZZ PS\ZZZ_2.2.x\ZenlessZoneZeroBeta_Data\StreamingAssets\Video\HD\Hollow\Event\EventIcon_HollowItem_Evil.usm
09:57:54 <Warn:CheckByPkgVersion> The file is not correct : C:\Pro Player\PS\ZZZ PS\ZZZ_2.2.x\ZenlessZoneZeroBeta_Data\StreamingAssets\Video\HD\Hollow\Event\EventIcon_HollowItem_Goodness.usm
09:57:54 <Warn:CheckByPkgVersion> The file is not correct : C:\Pro Player\PS\ZZZ PS\ZZZ_2.2.x\ZenlessZoneZeroBeta_Data\StreamingAssets\Video\HD\Hollow\Event\EventIcon_HollowItem_Normal.usm
09:57:54 <Warn:CheckByPkgVersion> The file is not correct : C:\Pro Player\PS\ZZZ PS\ZZZ_2.2.x\ZenlessZoneZeroBeta_Data\StreamingAssets\Video\HD\Hollow\Event\EventIcon_PiggyBank_Evil.usm
09:57:54 <Warn:CheckByPkgVersion> The file is not correct : C:\Pro Player\PS\ZZZ PS\ZZZ_2.2.x\ZenlessZoneZeroBeta_Data\StreamingAssets\Video\HD\Hollow\Event\EventIcon_PiggyBank_Goodness.usm
09:57:54 <Warn:CheckByPkgVersion> The file is not correct : C:\Pro Player\PS\ZZZ PS\ZZZ_2.2.x\ZenlessZoneZeroBeta_Data\StreamingAssets\Video\HD\Hollow\Event\EventIcon_PiggyBank_Normal.usm
09:57:54 <Warn:CheckByPkgVersion> The file is not correct : C:\Pro Player\PS\ZZZ PS\ZZZ_2.2.x\ZenlessZoneZeroBeta_Data\StreamingAssets\Video\HD\Hollow\Event\EventIcon_WeaponRobot_Evil.usm
09:57:54 <Warn:CheckByPkgVersion> The file is not correct : C:\Pro Player\PS\ZZZ PS\ZZZ_2.2.x\ZenlessZoneZeroBeta_Data\StreamingAssets\Video\HD\Hollow\Event\EventIcon_WeaponRobot_Goodness.usm
09:57:54 <Warn:CheckByPkgVersion> The file is not correct : C:\Pro Player\PS\ZZZ PS\ZZZ_2.2.x\ZenlessZoneZeroBeta_Data\StreamingAssets\Video\HD\Hollow\Event\EventIcon_WeaponRobot_Normal.usm
09:57:54 <Warn:CheckByPkgVersion> The file is not correct : C:\Pro Player\PS\ZZZ PS\ZZZ_2.2.x\ZenlessZoneZeroBeta_Data\StreamingAssets\Video\HD\Hollow\Event\EventVideoStory04_BangbooKnows.usm
09:57:54 <Warn:CheckByPkgVersion> The file is not correct : C:\Pro Player\PS\ZZZ PS\ZZZ_2.2.x\ZenlessZoneZeroBeta_Data\StreamingAssets\Video\HD\Hollow\Event\Actor\EventVideoChat_Enzo.usm
09:57:54 <Warn:CheckByPkgVersion> The file is not correct : C:\Pro Player\PS\ZZZ PS\ZZZ_2.2.x\ZenlessZoneZeroBeta_Data\StreamingAssets\Video\HD\Hollow\Event\Actor\EventVideo_Amillion_Idle.usm
09:57:54 <Warn:CheckByPkgVersion> The file is not correct : C:\Pro Player\PS\ZZZ PS\ZZZ_2.2.x\ZenlessZoneZeroBeta_Data\StreamingAssets\Video\HD\Hollow\Event\Actor\EventVideo_Avocaboo_Idle.usm
09:57:54 <Warn:CheckByPkgVersion> The file is not correct : C:\Pro Player\PS\ZZZ PS\ZZZ_2.2.x\ZenlessZoneZeroBeta_Data\StreamingAssets\Video\HD\Hollow\Event\Actor\EventVideo_Baddieboo_Idle.usm
09:57:54 <Warn:CheckByPkgVersion> The file is not correct : C:\Pro Player\PS\ZZZ PS\ZZZ_2.2.x\ZenlessZoneZeroBeta_Data\StreamingAssets\Video\HD\Hollow\Event\Actor\EventVideo_BagbooChat_Error.usm
09:57:54 <Warn:CheckByPkgVersion> The file is not correct : C:\Pro Player\PS\ZZZ PS\ZZZ_2.2.x\ZenlessZoneZeroBeta_Data\StreamingAssets\Video\HD\Hollow\Event\Actor\EventVideo_Bagboo_Idle.usm
09:57:54 <Warn:CheckByPkgVersion> The file is not correct : C:\Pro Player\PS\ZZZ PS\ZZZ_2.2.x\ZenlessZoneZeroBeta_Data\StreamingAssets\Video\HD\Hollow\Event\Actor\EventVideo_Bangvolver_Idle.usm
09:57:54 <Warn:CheckByPkgVersion> The file is not correct : C:\Pro Player\PS\ZZZ PS\ZZZ_2.2.x\ZenlessZoneZeroBeta_Data\StreamingAssets\Video\HD\Hollow\Event\Actor\EventVideo_Boollseye_Idle.usm
09:57:54 <Warn:CheckByPkgVersion> The file is not correct : C:\Pro Player\PS\ZZZ PS\ZZZ_2.2.x\ZenlessZoneZeroBeta_Data\StreamingAssets\Video\HD\Hollow\Event\Actor\EventVideo_Booressure_Idle.usm
09:57:54 <Warn:CheckByPkgVersion> The file is not correct : C:\Pro Player\PS\ZZZ PS\ZZZ_2.2.x\ZenlessZoneZeroBeta_Data\StreamingAssets\Video\HD\Hollow\Event\Actor\EventVideo_BurniceChat.usm
09:57:54 <Warn:CheckByPkgVersion> The file is not correct : C:\Pro Player\PS\ZZZ PS\ZZZ_2.2.x\ZenlessZoneZeroBeta_Data\StreamingAssets\Video\HD\Hollow\Event\Actor\EventVideo_ButlerChat_Error.usm
09:57:54 <Warn:CheckByPkgVersion> The file is not correct : C:\Pro Player\PS\ZZZ PS\ZZZ_2.2.x\ZenlessZoneZeroBeta_Data\StreamingAssets\Video\HD\Hollow\Event\Actor\EventVideo_Butler_Idle.usm
09:57:54 <Warn:CheckByPkgVersion> The file is not correct : C:\Pro Player\PS\ZZZ PS\ZZZ_2.2.x\ZenlessZoneZeroBeta_Data\StreamingAssets\Video\HD\Hollow\Event\Actor\EventVideo_CaesarChat.usm
09:57:54 <Warn:CheckByPkgVersion> The file is not correct : C:\Pro Player\PS\ZZZ PS\ZZZ_2.2.x\ZenlessZoneZeroBeta_Data\StreamingAssets\Video\HD\Hollow\Event\Actor\EventVideo_Car.usm
09:57:54 <Warn:CheckByPkgVersion> The file is not correct : C:\Pro Player\PS\ZZZ PS\ZZZ_2.2.x\ZenlessZoneZeroBeta_Data\StreamingAssets\Video\HD\Hollow\Event\Actor\EventVideo_Cryboo_Idle.usm
09:57:54 <Warn:CheckByPkgVersion> The file is not correct : C:\Pro Player\PS\ZZZ PS\ZZZ_2.2.x\ZenlessZoneZeroBeta_Data\StreamingAssets\Video\HD\Hollow\Event\Actor\EventVideo_DanChat.usm
09:57:54 <Warn:CheckByPkgVersion> The file is not correct : C:\Pro Player\PS\ZZZ PS\ZZZ_2.2.x\ZenlessZoneZeroBeta_Data\StreamingAssets\Video\HD\Hollow\Event\Actor\EventVideo_Devilboo_Idle.usm
09:57:54 <Warn:CheckByPkgVersion> The file is not correct : C:\Pro Player\PS\ZZZ PS\ZZZ_2.2.x\ZenlessZoneZeroBeta_Data\StreamingAssets\Video\HD\Hollow\Event\Actor\EventVideo_Electroboo_Error.usm
09:57:54 <Warn:CheckByPkgVersion> The file is not correct : C:\Pro Player\PS\ZZZ PS\ZZZ_2.2.x\ZenlessZoneZeroBeta_Data\StreamingAssets\Video\HD\Hollow\Event\Actor\EventVideo_Electroboo_Idle.usm
09:57:54 <Warn:CheckByPkgVersion> The file is not correct : C:\Pro Player\PS\ZZZ PS\ZZZ_2.2.x\ZenlessZoneZeroBeta_Data\StreamingAssets\Video\HD\Hollow\Event\Actor\EventVideo_EltonChat.usm
09:57:54 <Warn:CheckByPkgVersion> The file is not correct : C:\Pro Player\PS\ZZZ PS\ZZZ_2.2.x\ZenlessZoneZeroBeta_Data\StreamingAssets\Video\HD\Hollow\Event\Actor\EventVideo_EmmieChat.usm
09:57:54 <Warn:CheckByPkgVersion> The file is not correct : C:\Pro Player\PS\ZZZ PS\ZZZ_2.2.x\ZenlessZoneZeroBeta_Data\StreamingAssets\Video\HD\Hollow\Event\Actor\EventVideo_Exploreboo_Idle.usm
09:57:54 <Warn:CheckByPkgVersion> The file is not correct : C:\Pro Player\PS\ZZZ PS\ZZZ_2.2.x\ZenlessZoneZeroBeta_Data\StreamingAssets\Video\HD\Hollow\Event\Actor\EventVideo_GanChat.usm
09:57:54 <Warn:CheckByPkgVersion> The file is not correct : C:\Pro Player\PS\ZZZ PS\ZZZ_2.2.x\ZenlessZoneZeroBeta_Data\StreamingAssets\Video\HD\Hollow\Event\Actor\EventVideo_GoldenCar.usm
09:57:54 <Warn:CheckByPkgVersion> The file is not correct : C:\Pro Player\PS\ZZZ PS\ZZZ_2.2.x\ZenlessZoneZeroBeta_Data\StreamingAssets\Video\HD\Hollow\Event\Actor\EventVideo_LishaChat.usm
09:57:54 <Warn:CheckByPkgVersion> The file is not correct : C:\Pro Player\PS\ZZZ PS\ZZZ_2.2.x\ZenlessZoneZeroBeta_Data\StreamingAssets\Video\HD\Hollow\Event\Actor\EventVideo_Luckyboo_Idle.usm
09:57:54 <Warn:CheckByPkgVersion> The file is not correct : C:\Pro Player\PS\ZZZ PS\ZZZ_2.2.x\ZenlessZoneZeroBeta_Data\StreamingAssets\Video\HD\Hollow\Event\Actor\EventVideo_MerchantChat_Error.usm
09:57:54 <Warn:CheckByPkgVersion> The file is not correct : C:\Pro Player\PS\ZZZ PS\ZZZ_2.2.x\ZenlessZoneZeroBeta_Data\StreamingAssets\Video\HD\Hollow\Event\Actor\EventVideo_MerchantChat_Normal.usm
09:57:54 <Warn:CheckByPkgVersion> The file is not correct : C:\Pro Player\PS\ZZZ PS\ZZZ_2.2.x\ZenlessZoneZeroBeta_Data\StreamingAssets\Video\HD\Hollow\Event\Actor\EventVideo_Monster_11341_Idle.usm
09:57:54 <Warn:CheckByPkgVersion> The file is not correct : C:\Pro Player\PS\ZZZ PS\ZZZ_2.2.x\ZenlessZoneZeroBeta_Data\StreamingAssets\Video\HD\Hollow\Event\Actor\EventVideo_Monster_11351_Idle.usm
09:57:54 <Warn:CheckByPkgVersion> The file is not correct : C:\Pro Player\PS\ZZZ PS\ZZZ_2.2.x\ZenlessZoneZeroBeta_Data\StreamingAssets\Video\HD\Hollow\Event\Actor\EventVideo_MysteriousBuddy.usm
09:57:54 <Warn:CheckByPkgVersion> The file is not correct : C:\Pro Player\PS\ZZZ PS\ZZZ_2.2.x\ZenlessZoneZeroBeta_Data\StreamingAssets\Video\HD\Hollow\Event\Actor\EventVideo_OfficerCu_Idle.usm
09:57:54 <Warn:CheckByPkgVersion> The file is not correct : C:\Pro Player\PS\ZZZ PS\ZZZ_2.2.x\ZenlessZoneZeroBeta_Data\StreamingAssets\Video\HD\Hollow\Event\Actor\EventVideo_Paperboo_Idle.usm
09:57:54 <Warn:CheckByPkgVersion> The file is not correct : C:\Pro Player\PS\ZZZ PS\ZZZ_2.2.x\ZenlessZoneZeroBeta_Data\StreamingAssets\Video\HD\Hollow\Event\Actor\EventVideo_PenguinbooChat_Error.usm
09:57:54 <Warn:CheckByPkgVersion> The file is not correct : C:\Pro Player\PS\ZZZ PS\ZZZ_2.2.x\ZenlessZoneZeroBeta_Data\StreamingAssets\Video\HD\Hollow\Event\Actor\EventVideo_Penguinboo_Idle.usm
09:57:54 <Warn:CheckByPkgVersion> The file is not correct : C:\Pro Player\PS\ZZZ PS\ZZZ_2.2.x\ZenlessZoneZeroBeta_Data\StreamingAssets\Video\HD\Hollow\Event\Actor\EventVideo_RedMoccus_Idle.usm
09:57:54 <Warn:CheckByPkgVersion> The file is not correct : C:\Pro Player\PS\ZZZ PS\ZZZ_2.2.x\ZenlessZoneZeroBeta_Data\StreamingAssets\Video\HD\Hollow\Event\Actor\EventVideo_Rocketboo_Idle.usm
09:57:54 <Warn:CheckByPkgVersion> The file is not correct : C:\Pro Player\PS\ZZZ PS\ZZZ_2.2.x\ZenlessZoneZeroBeta_Data\StreamingAssets\Video\HD\Hollow\Event\Actor\EventVideo_SafetybooChat_Error.usm
09:57:54 <Warn:CheckByPkgVersion> The file is not correct : C:\Pro Player\PS\ZZZ PS\ZZZ_2.2.x\ZenlessZoneZeroBeta_Data\StreamingAssets\Video\HD\Hollow\Event\Actor\EventVideo_Safety_Idle.usm
09:57:54 <Warn:CheckByPkgVersion> The file is not correct : C:\Pro Player\PS\ZZZ PS\ZZZ_2.2.x\ZenlessZoneZeroBeta_Data\StreamingAssets\Video\HD\Hollow\Event\Actor\EventVideo_SharkbooChat_Error.usm
09:57:54 <Warn:CheckByPkgVersion> The file is not correct : C:\Pro Player\PS\ZZZ PS\ZZZ_2.2.x\ZenlessZoneZeroBeta_Data\StreamingAssets\Video\HD\Hollow\Event\Actor\EventVideo_Sharkboo_Idle.usm
09:57:54 <Warn:CheckByPkgVersion> The file is not correct : C:\Pro Player\PS\ZZZ PS\ZZZ_2.2.x\ZenlessZoneZeroBeta_Data\StreamingAssets\Video\HD\Hollow\Event\Actor\EventVideo_SumobooChat_Error.usm
09:57:54 <Warn:CheckByPkgVersion> The file is not correct : C:\Pro Player\PS\ZZZ PS\ZZZ_2.2.x\ZenlessZoneZeroBeta_Data\StreamingAssets\Video\HD\Hollow\Event\Actor\EventVideo_Sumoboo_Idle.usm
09:57:54 <Warn:CheckByPkgVersion> The file is not correct : C:\Pro Player\PS\ZZZ PS\ZZZ_2.2.x\ZenlessZoneZeroBeta_Data\StreamingAssets\Video\HD\Hollow\Event\Actor\EventVideo_TeddyChat_Error.usm
09:57:54 <Warn:CheckByPkgVersion> The file is not correct : C:\Pro Player\PS\ZZZ PS\ZZZ_2.2.x\ZenlessZoneZeroBeta_Data\StreamingAssets\Video\HD\Hollow\Event\Fairy\EventIcon_CyberFairy_IDLE_Loop.usm
09:57:54 <Warn:CheckByPkgVersion> The file is not correct : C:\Pro Player\PS\ZZZ PS\ZZZ_2.2.x\ZenlessZoneZeroBeta_Data\StreamingAssets\Video\HD\Hollow\Event\Fairy\EventVideo_Fairy_Warning_Loop.usm
09:57:54 <Warn:CheckByPkgVersion> The file is not correct : C:\Pro Player\PS\ZZZ PS\ZZZ_2.2.x\ZenlessZoneZeroBeta_Data\StreamingAssets\Video\HD\Hollow\Event\General\EventStateVideo_EMPDevice_Release.usm
09:57:54 <Warn:CheckByPkgVersion> The file is not correct : C:\Pro Player\PS\ZZZ PS\ZZZ_2.2.x\ZenlessZoneZeroBeta_Data\StreamingAssets\Video\HD\Hollow\Event\General\EventStateVideo_Precious_A.usm
09:57:54 <Warn:CheckByPkgVersion> The file is not correct : C:\Pro Player\PS\ZZZ PS\ZZZ_2.2.x\ZenlessZoneZeroBeta_Data\StreamingAssets\Video\HD\Hollow\Event\General\EventStateVideo_Precious_B.usm
09:57:54 <Warn:CheckByPkgVersion> The file is not correct : C:\Pro Player\PS\ZZZ PS\ZZZ_2.2.x\ZenlessZoneZeroBeta_Data\StreamingAssets\Video\HD\Hollow\Event\General\EventStateVideo_Precious_S.usm
09:57:54 <Warn:CheckByPkgVersion> The file is not correct : C:\Pro Player\PS\ZZZ PS\ZZZ_2.2.x\ZenlessZoneZeroBeta_Data\StreamingAssets\Video\HD\Hollow\Event\General\EventStateVideo_UnlockDoor_BattleEvaluationS.usm
09:57:54 <Warn:CheckByPkgVersion> The file is not correct : C:\Pro Player\PS\ZZZ PS\ZZZ_2.2.x\ZenlessZoneZeroBeta_Data\StreamingAssets\Video\HD\Hollow\Event\General\EventStateVideo_UnlockDoor_Hp.usm
09:57:54 <Warn:CheckByPkgVersion> The file is not correct : C:\Pro Player\PS\ZZZ PS\ZZZ_2.2.x\ZenlessZoneZeroBeta_Data\StreamingAssets\Video\HD\Hollow\Event\General\EventVideoFindClue.usm
09:57:54 <Warn:CheckByPkgVersion> The file is not correct : C:\Pro Player\PS\ZZZ PS\ZZZ_2.2.x\ZenlessZoneZeroBeta_Data\StreamingAssets\Video\HD\Hollow\Event\General\EventVideo_BangbooCard.usm
09:57:54 <Warn:CheckByPkgVersion> The file is not correct : C:\Pro Player\PS\ZZZ PS\ZZZ_2.2.x\ZenlessZoneZeroBeta_Data\StreamingAssets\Video\HD\Hollow\Event\General\EventVideo_BigTv_CountDownBackground.usm
09:57:54 <Warn:CheckByPkgVersion> The file is not correct : C:\Pro Player\PS\ZZZ PS\ZZZ_2.2.x\ZenlessZoneZeroBeta_Data\StreamingAssets\Video\HD\Hollow\Event\General\EventVideo_EMPDevice_Idle.usm
09:57:54 <Warn:CheckByPkgVersion> The file is not correct : C:\Pro Player\PS\ZZZ PS\ZZZ_2.2.x\ZenlessZoneZeroBeta_Data\StreamingAssets\Video\HD\Hollow\Event\General\EventVideo_Generator_Charged.usm
09:57:54 <Warn:CheckByPkgVersion> The file is not correct : C:\Pro Player\PS\ZZZ PS\ZZZ_2.2.x\ZenlessZoneZeroBeta_Data\StreamingAssets\Video\HD\Hollow\Event\General\EventVideo_Generator_UnCharged.usm
09:57:54 <Warn:CheckByPkgVersion> The file is not correct : C:\Pro Player\PS\ZZZ PS\ZZZ_2.2.x\ZenlessZoneZeroBeta_Data\StreamingAssets\Video\HD\Hollow\Event\General\EventVideo_LockedDoor_BattleEvaluationS.usm
09:57:54 <Warn:CheckByPkgVersion> The file is not correct : C:\Pro Player\PS\ZZZ PS\ZZZ_2.2.x\ZenlessZoneZeroBeta_Data\StreamingAssets\Video\HD\Hollow\Event\General\EventVideo_LockedDoor_GoldenWeek.usm
09:57:54 <Warn:CheckByPkgVersion> The file is not correct : C:\Pro Player\PS\ZZZ PS\ZZZ_2.2.x\ZenlessZoneZeroBeta_Data\StreamingAssets\Video\HD\Hollow\Event\General\EventVideo_LockedDoor_Hp.usm
09:57:54 <Warn:CheckByPkgVersion> The file is not correct : C:\Pro Player\PS\ZZZ PS\ZZZ_2.2.x\ZenlessZoneZeroBeta_Data\StreamingAssets\Video\HD\Hollow\Event\General\EventVideo_Precious_A.usm
09:57:54 <Warn:CheckByPkgVersion> The file is not correct : C:\Pro Player\PS\ZZZ PS\ZZZ_2.2.x\ZenlessZoneZeroBeta_Data\StreamingAssets\Video\HD\Hollow\Event\General\EventVideo_Precious_B.usm
09:57:54 <Warn:CheckByPkgVersion> The file is not correct : C:\Pro Player\PS\ZZZ PS\ZZZ_2.2.x\ZenlessZoneZeroBeta_Data\StreamingAssets\Video\HD\Hollow\Event\General\EventVideo_Precious_S.usm
09:57:54 <Warn:CheckByPkgVersion> The file is not correct : C:\Pro Player\PS\ZZZ PS\ZZZ_2.2.x\ZenlessZoneZeroBeta_Data\StreamingAssets\Video\HD\Hollow\Event\General\EvenVideo_SignBoard_Down.usm
09:57:54 <Warn:CheckByPkgVersion> The file is not correct : C:\Pro Player\PS\ZZZ PS\ZZZ_2.2.x\ZenlessZoneZeroBeta_Data\StreamingAssets\Video\HD\Hollow\Event\General\EvenVideo_SignBoard_Left.usm
09:57:54 <Warn:CheckByPkgVersion> The file is not correct : C:\Pro Player\PS\ZZZ PS\ZZZ_2.2.x\ZenlessZoneZeroBeta_Data\StreamingAssets\Video\HD\Hollow\Event\General\EvenVideo_SignBoard_Right.usm
09:57:54 <Warn:CheckByPkgVersion> The file is not correct : C:\Pro Player\PS\ZZZ PS\ZZZ_2.2.x\ZenlessZoneZeroBeta_Data\StreamingAssets\Video\HD\Hollow\Event\General\EvenVideo_SignBoard_Up.usm
09:57:54 <Warn:CheckByPkgVersion> The file is not correct : C:\Pro Player\PS\ZZZ PS\ZZZ_2.2.x\ZenlessZoneZeroBeta_Data\StreamingAssets\Video\HD\Hollow\Event\HollowItem\EventVideoHollowItem10.usm
09:57:54 <Warn:CheckByPkgVersion> The file is not correct : C:\Pro Player\PS\ZZZ PS\ZZZ_2.2.x\ZenlessZoneZeroBeta_Data\StreamingAssets\Video\HD\Hollow\Event\HollowItem\EventVideoHollowItem11.usm
09:57:54 <Warn:CheckByPkgVersion> The file is not correct : C:\Pro Player\PS\ZZZ PS\ZZZ_2.2.x\ZenlessZoneZeroBeta_Data\StreamingAssets\Video\HD\Hollow\Event\HollowItem\EventVideoHollowItem12.usm
09:57:54 <Warn:CheckByPkgVersion> The file is not correct : C:\Pro Player\PS\ZZZ PS\ZZZ_2.2.x\ZenlessZoneZeroBeta_Data\StreamingAssets\Video\HD\Hollow\Event\HollowItem\EventVideoHollowItem13.usm
09:57:54 <Warn:CheckByPkgVersion> The file is not correct : C:\Pro Player\PS\ZZZ PS\ZZZ_2.2.x\ZenlessZoneZeroBeta_Data\StreamingAssets\Video\HD\Hollow\Event\HollowItem\EventVideoHollowItem_400028.usm
09:57:54 <Warn:CheckByPkgVersion> The file is not correct : C:\Pro Player\PS\ZZZ PS\ZZZ_2.2.x\ZenlessZoneZeroBeta_Data\StreamingAssets\Video\HD\Hollow\Event\HollowItem\EventVideoHollowItem_400029.usm
09:57:54 <Warn:CheckByPkgVersion> The file is not correct : C:\Pro Player\PS\ZZZ PS\ZZZ_2.2.x\ZenlessZoneZeroBeta_Data\StreamingAssets\Video\HD\Hollow\Event\HollowItem\EventVideoHollowItem_400035.usm
09:57:54 <Warn:CheckByPkgVersion> The file is not correct : C:\Pro Player\PS\ZZZ PS\ZZZ_2.2.x\ZenlessZoneZeroBeta_Data\StreamingAssets\Video\HD\Hollow\Event\HollowItem\EventVideoHollowItem_40003501.usm
09:57:54 <Warn:CheckByPkgVersion> The file is not correct : C:\Pro Player\PS\ZZZ PS\ZZZ_2.2.x\ZenlessZoneZeroBeta_Data\StreamingAssets\Video\HD\Hollow\Event\HollowItem\EventVideoHollowItem_400036.usm
09:57:54 <Warn:CheckByPkgVersion> The file is not correct : C:\Pro Player\PS\ZZZ PS\ZZZ_2.2.x\ZenlessZoneZeroBeta_Data\StreamingAssets\Video\HD\Hollow\Event\HollowItem\EventVideoHollowItem_400048.usm
09:57:54 <Warn:CheckByPkgVersion> The file is not correct : C:\Pro Player\PS\ZZZ PS\ZZZ_2.2.x\ZenlessZoneZeroBeta_Data\StreamingAssets\Video\HD\Hollow\Event\Metro\BigTV_AlliedYellowMachine_off.usm
09:57:54 <Warn:CheckByPkgVersion> The file is not correct : C:\Pro Player\PS\ZZZ PS\ZZZ_2.2.x\ZenlessZoneZeroBeta_Data\StreamingAssets\Video\HD\Hollow\Event\Metro\BigTV_EnemyYellowMachine_Idle.usm
09:57:54 <Warn:CheckByPkgVersion> The file is not correct : C:\Pro Player\PS\ZZZ PS\ZZZ_2.2.x\ZenlessZoneZeroBeta_Data\StreamingAssets\Video\HD\Hollow\Event\Metro\EventVideoBrick0_1.usm
09:57:54 <Warn:CheckByPkgVersion> The file is not correct : C:\Pro Player\PS\ZZZ PS\ZZZ_2.2.x\ZenlessZoneZeroBeta_Data\StreamingAssets\Video\HD\Hollow\Event\Metro\EventVideoBrick0_2.usm
09:57:54 <Warn:CheckByPkgVersion> The file is not correct : C:\Pro Player\PS\ZZZ PS\ZZZ_2.2.x\ZenlessZoneZeroBeta_Data\StreamingAssets\Video\HD\Hollow\Event\Metro\EventVideoBrick1_1.usm
09:57:54 <Warn:CheckByPkgVersion> The file is not correct : C:\Pro Player\PS\ZZZ PS\ZZZ_2.2.x\ZenlessZoneZeroBeta_Data\StreamingAssets\Video\HD\Hollow\Event\Metro\EventVideoBrick1_2.usm
09:57:54 <Warn:CheckByPkgVersion> The file is not correct : C:\Pro Player\PS\ZZZ PS\ZZZ_2.2.x\ZenlessZoneZeroBeta_Data\StreamingAssets\Video\HD\Hollow\Event\Metro\EventVideoBrick2_1.usm
09:57:54 <Warn:CheckByPkgVersion> The file is not correct : C:\Pro Player\PS\ZZZ PS\ZZZ_2.2.x\ZenlessZoneZeroBeta_Data\StreamingAssets\Video\HD\Hollow\Event\Metro\EventVideoBrick2_2.usm
09:57:54 <Warn:CheckByPkgVersion> The file is not correct : C:\Pro Player\PS\ZZZ PS\ZZZ_2.2.x\ZenlessZoneZeroBeta_Data\StreamingAssets\Video\HD\Hollow\Event\Metro\EventVideoBrick3.usm
09:57:54 <Warn:CheckByPkgVersion> The file is not correct : C:\Pro Player\PS\ZZZ PS\ZZZ_2.2.x\ZenlessZoneZeroBeta_Data\StreamingAssets\Video\HD\Hollow\Event\Metro\EventVideoBurst0_1.usm
09:57:54 <Warn:CheckByPkgVersion> The file is not correct : C:\Pro Player\PS\ZZZ PS\ZZZ_2.2.x\ZenlessZoneZeroBeta_Data\StreamingAssets\Video\HD\Hollow\Event\Metro\EventVideoBurst0_2.usm
09:57:54 <Warn:CheckByPkgVersion> The file is not correct : C:\Pro Player\PS\ZZZ PS\ZZZ_2.2.x\ZenlessZoneZeroBeta_Data\StreamingAssets\Video\HD\Hollow\Event\Metro\EventVideoBurst1_1.usm
09:57:54 <Warn:CheckByPkgVersion> The file is not correct : C:\Pro Player\PS\ZZZ PS\ZZZ_2.2.x\ZenlessZoneZeroBeta_Data\StreamingAssets\Video\HD\Hollow\Event\Metro\EventVideoBurst1_2.usm
09:57:54 <Warn:CheckByPkgVersion> The file is not correct : C:\Pro Player\PS\ZZZ PS\ZZZ_2.2.x\ZenlessZoneZeroBeta_Data\StreamingAssets\Video\HD\Hollow\Event\Metro\EventVideoBurst2_1.usm
09:57:54 <Warn:CheckByPkgVersion> The file is not correct : C:\Pro Player\PS\ZZZ PS\ZZZ_2.2.x\ZenlessZoneZeroBeta_Data\StreamingAssets\Video\HD\Hollow\Event\Metro\EventVideoBurst2_2.usm
09:57:54 <Warn:CheckByPkgVersion> The file is not correct : C:\Pro Player\PS\ZZZ PS\ZZZ_2.2.x\ZenlessZoneZeroBeta_Data\StreamingAssets\Video\HD\Hollow\Event\RPGLike\EventVideo_RPG_ArtificialHuman.usm
09:57:54 <Warn:CheckByPkgVersion> The file is not correct : C:\Pro Player\PS\ZZZ PS\ZZZ_2.2.x\ZenlessZoneZeroBeta_Data\StreamingAssets\Video\HD\Hollow\Event\RPGLike\EventVideo_RPG_DarkProphet_Born.usm
09:57:54 <Warn:CheckByPkgVersion> The file is not correct : C:\Pro Player\PS\ZZZ PS\ZZZ_2.2.x\ZenlessZoneZeroBeta_Data\StreamingAssets\Video\HD\Hollow\Event\RPGLike\EventVideo_RPG_DarkProphet_Idle.usm
09:57:54 <Warn:CheckByPkgVersion> The file is not correct : C:\Pro Player\PS\ZZZ PS\ZZZ_2.2.x\ZenlessZoneZeroBeta_Data\StreamingAssets\Video\HD\Hollow\Event\RPGLike\EventVideo_RPG_Dog.usm
09:57:54 <Warn:CheckByPkgVersion> The file is not correct : C:\Pro Player\PS\ZZZ PS\ZZZ_2.2.x\ZenlessZoneZeroBeta_Data\StreamingAssets\Video\HD\Hollow\Event\RPGLike\EventVideo_RPG_FinalBattle.usm
09:57:54 <Warn:CheckByPkgVersion> The file is not correct : C:\Pro Player\PS\ZZZ PS\ZZZ_2.2.x\ZenlessZoneZeroBeta_Data\StreamingAssets\Video\HD\Hollow\Event\RPGLike\EventVideo_RPG_HolyArmor.usm
09:57:54 <Warn:CheckByPkgVersion> The file is not correct : C:\Pro Player\PS\ZZZ PS\ZZZ_2.2.x\ZenlessZoneZeroBeta_Data\StreamingAssets\Video\HD\Hollow\Event\RPGLike\EventVideo_RPG_HolyHolySword.usm
09:57:54 <Warn:CheckByPkgVersion> The file is not correct : C:\Pro Player\PS\ZZZ PS\ZZZ_2.2.x\ZenlessZoneZeroBeta_Data\StreamingAssets\Video\HD\Hollow\Event\RPGLike\EventVideo_RPG_HolyHolySword_Draw.usm
09:57:54 <Warn:CheckByPkgVersion> The file is not correct : C:\Pro Player\PS\ZZZ PS\ZZZ_2.2.x\ZenlessZoneZeroBeta_Data\StreamingAssets\Video\HD\Hollow\Event\RPGLike\EventVideo_RPG_HolyShield.usm
09:57:54 <Warn:CheckByPkgVersion> The file is not correct : C:\Pro Player\PS\ZZZ PS\ZZZ_2.2.x\ZenlessZoneZeroBeta_Data\StreamingAssets\Video\HD\Hollow\Event\RPGLike\EventVideo_RPG_HolySword.usm
09:57:54 <Warn:CheckByPkgVersion> The file is not correct : C:\Pro Player\PS\ZZZ PS\ZZZ_2.2.x\ZenlessZoneZeroBeta_Data\StreamingAssets\Video\HD\Hollow\Event\RPGLike\EventVideo_RPG_Prophet.usm
09:57:54 <Warn:CheckByPkgVersion> The file is not correct : C:\Pro Player\PS\ZZZ PS\ZZZ_2.2.x\ZenlessZoneZeroBeta_Data\StreamingAssets\Video\HD\Hollow\Event\Skyscraper\EventVideo_BangbooAllied_Sit.usm
09:57:54 <Warn:CheckByPkgVersion> The file is not correct : C:\Pro Player\PS\ZZZ PS\ZZZ_2.2.x\ZenlessZoneZeroBeta_Data\StreamingAssets\Video\HD\Hollow\Event\Skyscraper\EventVideo_BangbooGhost_Allied_Dance.usm
09:57:54 <Warn:CheckByPkgVersion> The file is not correct : C:\Pro Player\PS\ZZZ PS\ZZZ_2.2.x\ZenlessZoneZeroBeta_Data\StreamingAssets\Video\HD\Hollow\Event\Skyscraper\EventVideo_BangbooGhost_Allied_Sit.usm
09:57:54 <Warn:CheckByPkgVersion> The file is not correct : C:\Pro Player\PS\ZZZ PS\ZZZ_2.2.x\ZenlessZoneZeroBeta_Data\StreamingAssets\Video\HD\Hollow\Event\Skyscraper\EventVideo_TheatreChair.usm
09:57:54 <Warn:CheckByPkgVersion> The file is not correct : C:\Pro Player\PS\ZZZ PS\ZZZ_2.2.x\ZenlessZoneZeroBeta_Data\StreamingAssets\Video\HD\Hollow\Event\Story\EventVideoStory01_LimboBuddies1.usm
09:57:54 <Warn:CheckByPkgVersion> The file is not correct : C:\Pro Player\PS\ZZZ PS\ZZZ_2.2.x\ZenlessZoneZeroBeta_Data\StreamingAssets\Video\HD\Hollow\Event\Story\EventVideoStory01_LimboBuddies2.usm
09:57:54 <Warn:CheckByPkgVersion> The file is not correct : C:\Pro Player\PS\ZZZ PS\ZZZ_2.2.x\ZenlessZoneZeroBeta_Data\StreamingAssets\Video\HD\Hollow\Event\Story\EventVideoStory01_LimboBuddies3.usm
09:57:54 <Warn:CheckByPkgVersion> The file is not correct : C:\Pro Player\PS\ZZZ PS\ZZZ_2.2.x\ZenlessZoneZeroBeta_Data\StreamingAssets\Video\HD\Hollow\Event\Story\EventVideoStory01_LimboBuddies4.usm
09:57:54 <Warn:CheckByPkgVersion> The file is not correct : C:\Pro Player\PS\ZZZ PS\ZZZ_2.2.x\ZenlessZoneZeroBeta_Data\StreamingAssets\Video\HD\Hollow\Event\Story\EventVideoStory03_Anastella_Drusilla.usm
09:57:54 <Warn:CheckByPkgVersion> The file is not correct : C:\Pro Player\PS\ZZZ PS\ZZZ_2.2.x\ZenlessZoneZeroBeta_Data\StreamingAssets\Video\HD\Hollow\Event\Story\EventVideoStory03_BuddysEmbrace.usm
09:57:54 <Warn:CheckByPkgVersion> The file is not correct : C:\Pro Player\PS\ZZZ PS\ZZZ_2.2.x\ZenlessZoneZeroBeta_Data\StreamingAssets\Video\HD\Hollow\Event\Story\EventVideoStory03_HospitalInHollow.usm
09:57:54 <Warn:CheckByPkgVersion> The file is not correct : C:\Pro Player\PS\ZZZ PS\ZZZ_2.2.x\ZenlessZoneZeroBeta_Data\StreamingAssets\Video\HD\Hollow\Event\Story\EventVideoStory03_PairedDolls.usm
09:57:54 <Warn:CheckByPkgVersion> The file is not correct : C:\Pro Player\PS\ZZZ PS\ZZZ_2.2.x\ZenlessZoneZeroBeta_Data\StreamingAssets\Video\HD\Hollow\Event\Story\EventVideoStory03_SingleDoll.usm
09:57:54 <Warn:CheckByPkgVersion> The file is not correct : C:\Pro Player\PS\ZZZ PS\ZZZ_2.2.x\ZenlessZoneZeroBeta_Data\StreamingAssets\Video\HD\Hollow\Event\Story\EventVideoStory04_UndergroundMap.usm
09:57:54 <Warn:CheckByPkgVersion> The file is not correct : C:\Pro Player\PS\ZZZ PS\ZZZ_2.2.x\ZenlessZoneZeroBeta_Data\StreamingAssets\Video\HD\Hollow\Event\Zero\EventVideo_BigTv_ZeroLayerCount05.usm
09:57:54 <Warn:CheckByPkgVersion> The file is not correct : C:\Pro Player\PS\ZZZ PS\ZZZ_2.2.x\ZenlessZoneZeroBeta_Data\StreamingAssets\Video\HD\Hollow\Event\Zero\EventVideo_BigTv_ZeroLayerCount06.usm
09:57:54 <Warn:CheckByPkgVersion> The file is not correct : C:\Pro Player\PS\ZZZ PS\ZZZ_2.2.x\ZenlessZoneZeroBeta_Data\StreamingAssets\Video\HD\Hollow\Event\Zero\EventVideo_BigTv_ZeroLayerCount07.usm
09:57:54 <Warn:CheckByPkgVersion> The file is not correct : C:\Pro Player\PS\ZZZ PS\ZZZ_2.2.x\ZenlessZoneZeroBeta_Data\StreamingAssets\Video\HD\Hollow\Event\Zero\EventVideo_BigTv_ZeroLayerCount08.usm
09:57:54 <Warn:CheckByPkgVersion> The file is not correct : C:\Pro Player\PS\ZZZ PS\ZZZ_2.2.x\ZenlessZoneZeroBeta_Data\StreamingAssets\Video\HD\Hollow\Event\Zero\EventVideo_BigTv_ZeroLayerCount09.usm
09:57:54 <Warn:CheckByPkgVersion> The file is not correct : C:\Pro Player\PS\ZZZ PS\ZZZ_2.2.x\ZenlessZoneZeroBeta_Data\StreamingAssets\Video\HD\Hollow\Event\Zero\EventVideo_BigTv_ZeroLayerCount10.usm
09:57:54 <Warn:CheckByPkgVersion> The file is not correct : C:\Pro Player\PS\ZZZ PS\ZZZ_2.2.x\ZenlessZoneZeroBeta_Data\StreamingAssets\Video\HD\Hollow\Event\Zero\EventVideo_BigTv_ZeroLayerCount11.usm
09:57:54 <Warn:CheckByPkgVersion> The file is not correct : C:\Pro Player\PS\ZZZ PS\ZZZ_2.2.x\ZenlessZoneZeroBeta_Data\StreamingAssets\Video\HD\Hollow\Event\Zero\EventVideo_BigTv_ZeroLayerCount12.usm
09:57:54 <Warn:CheckByPkgVersion> The file is not correct : C:\Pro Player\PS\ZZZ PS\ZZZ_2.2.x\ZenlessZoneZeroBeta_Data\StreamingAssets\Video\HD\Hollow\Event\Zero\EventVideo_BigTv_ZeroLayerCount13.usm
09:57:54 <Warn:CheckByPkgVersion> The file is not correct : C:\Pro Player\PS\ZZZ PS\ZZZ_2.2.x\ZenlessZoneZeroBeta_Data\StreamingAssets\Video\HD\Launch\CutScene_StandbyVideo.usm
09:57:54 <Warn:CheckByPkgVersion> The file is not correct : C:\Pro Player\PS\ZZZ PS\ZZZ_2.2.x\ZenlessZoneZeroBeta_Data\StreamingAssets\Video\HD\Launch\Hollow_StandbyVideo.usm
09:57:54 <Warn:CheckByPkgVersion> The file is not correct : C:\Pro Player\PS\ZZZ PS\ZZZ_2.2.x\ZenlessZoneZeroBeta_Data\StreamingAssets\Video\HD\Launch\LogoPerform_CHS.usm
09:57:54 <Warn:CheckByPkgVersion> The file is not correct : C:\Pro Player\PS\ZZZ PS\ZZZ_2.2.x\ZenlessZoneZeroBeta_Data\StreamingAssets\Video\HD\Launch\LogoPerform_CHT.usm
09:57:54 <Warn:CheckByPkgVersion> The file is not correct : C:\Pro Player\PS\ZZZ PS\ZZZ_2.2.x\ZenlessZoneZeroBeta_Data\StreamingAssets\Video\HD\Launch\LogoPerform_EN.usm
09:57:54 <Warn:CheckByPkgVersion> The file is not correct : C:\Pro Player\PS\ZZZ PS\ZZZ_2.2.x\ZenlessZoneZeroBeta_Data\StreamingAssets\Video\HD\Launch\LogoPerform_KoreaAgeLimit.usm
09:57:54 <Warn:CheckByPkgVersion> The file is not correct : C:\Pro Player\PS\ZZZ PS\ZZZ_2.2.x\ZenlessZoneZeroBeta_Data\StreamingAssets\Video\HD\MainCity\KeyCar\KeyCar_Affairs.usm
09:57:54 <Warn:CheckByPkgVersion> The file is not correct : C:\Pro Player\PS\ZZZ PS\ZZZ_2.2.x\ZenlessZoneZeroBeta_Data\StreamingAssets\Video\HD\MainCity\KeyCar\KeyCar_DailyQuest.usm
09:57:54 <Warn:CheckByPkgVersion> The file is not correct : C:\Pro Player\PS\ZZZ PS\ZZZ_2.2.x\ZenlessZoneZeroBeta_Data\StreamingAssets\Video\HD\MainCity\KeyCar\KeyCar_Idle.usm
09:57:54 <Warn:CheckByPkgVersion> The file is not correct : C:\Pro Player\PS\ZZZ PS\ZZZ_2.2.x\ZenlessZoneZeroBeta_Data\StreamingAssets\Video\HD\MainCity\KeyCar\KeyCar_Transition.usm
09:57:54 <Warn:CheckByPkgVersion> The file is not correct : C:\Pro Player\PS\ZZZ PS\ZZZ_2.2.x\ZenlessZoneZeroBeta_Data\StreamingAssets\Video\HD\MainCity\KeyCar\KeyCar_WeeklyTarget.usm
09:57:54 <Warn:CheckByPkgVersion> The file is not correct : C:\Pro Player\PS\ZZZ PS\ZZZ_2.2.x\ZenlessZoneZeroBeta_Data\StreamingAssets\Video\HD\MainStory\PageVideo\Chapter00\Chapter00M1.usm
09:57:54 <Warn:CheckByPkgVersion> The file is not correct : C:\Pro Player\PS\ZZZ PS\ZZZ_2.2.x\ZenlessZoneZeroBeta_Data\StreamingAssets\Video\HD\MainStory\PageVideo\Chapter00\Chapter00M2.usm
09:57:54 <Warn:CheckByPkgVersion> The file is not correct : C:\Pro Player\PS\ZZZ PS\ZZZ_2.2.x\ZenlessZoneZeroBeta_Data\StreamingAssets\Video\HD\MainStory\PageVideo\Chapter00\Chapter00M3.usm
09:57:54 <Warn:CheckByPkgVersion> The file is not correct : C:\Pro Player\PS\ZZZ PS\ZZZ_2.2.x\ZenlessZoneZeroBeta_Data\StreamingAssets\Video\HD\MainStory\PageVideo\Chapter00\Chapter00M4.usm
09:57:54 <Warn:CheckByPkgVersion> The file is not correct : C:\Pro Player\PS\ZZZ PS\ZZZ_2.2.x\ZenlessZoneZeroBeta_Data\StreamingAssets\Video\HD\MainStory\PageVideo\Chapter00\Chapter00M5.usm
09:57:54 <Warn:CheckByPkgVersion> The file is not correct : C:\Pro Player\PS\ZZZ PS\ZZZ_2.2.x\ZenlessZoneZeroBeta_Data\StreamingAssets\Video\HD\MainStory\PageVideo\Chapter00\Chapter00M6.usm
09:57:54 <Warn:CheckByPkgVersion> The file is not correct : C:\Pro Player\PS\ZZZ PS\ZZZ_2.2.x\ZenlessZoneZeroBeta_Data\StreamingAssets\Video\HD\MainStory\PageVideo\Chapter00\Chapter00M7.usm
09:57:54 <Warn:CheckByPkgVersion> The file is not correct : C:\Pro Player\PS\ZZZ PS\ZZZ_2.2.x\ZenlessZoneZeroBeta_Data\StreamingAssets\Video\HD\MainStory\PageVideo\Chapter00\Chapter00M8.usm
09:57:54 <Warn:CheckByPkgVersion> The file is not correct : C:\Pro Player\PS\ZZZ PS\ZZZ_2.2.x\ZenlessZoneZeroBeta_Data\StreamingAssets\Video\HD\MainStory\PageVideo\Chapter01\Chapter01M1.usm
09:57:54 <Warn:CheckByPkgVersion> The file is not correct : C:\Pro Player\PS\ZZZ PS\ZZZ_2.2.x\ZenlessZoneZeroBeta_Data\StreamingAssets\Video\HD\MainStory\PageVideo\Chapter01\Chapter01M2.usm
09:57:54 <Warn:CheckByPkgVersion> The file is not correct : C:\Pro Player\PS\ZZZ PS\ZZZ_2.2.x\ZenlessZoneZeroBeta_Data\StreamingAssets\Video\HD\MainStory\PageVideo\Chapter01\Chapter01M3.usm
09:57:54 <Warn:CheckByPkgVersion> The file is not correct : C:\Pro Player\PS\ZZZ PS\ZZZ_2.2.x\ZenlessZoneZeroBeta_Data\StreamingAssets\Video\HD\MainStory\PageVideo\Chapter01\Chapter01M4.usm
09:57:54 <Warn:CheckByPkgVersion> The file is not correct : C:\Pro Player\PS\ZZZ PS\ZZZ_2.2.x\ZenlessZoneZeroBeta_Data\StreamingAssets\Video\HD\MainStory\PageVideo\Chapter01\Chapter01M5.usm
09:57:54 <Warn:CheckByPkgVersion> The file is not correct : C:\Pro Player\PS\ZZZ PS\ZZZ_2.2.x\ZenlessZoneZeroBeta_Data\StreamingAssets\Video\HD\MainStory\PageVideo\Chapter01\Chapter01M6.usm
09:57:54 <Warn:CheckByPkgVersion> The file is not correct : C:\Pro Player\PS\ZZZ PS\ZZZ_2.2.x\ZenlessZoneZeroBeta_Data\StreamingAssets\Video\HD\MainStory\PageVideo\Chapter01\Chapter01M7.usm
09:57:54 <Warn:CheckByPkgVersion> The file is not correct : C:\Pro Player\PS\ZZZ PS\ZZZ_2.2.x\ZenlessZoneZeroBeta_Data\StreamingAssets\Video\HD\MainStory\PageVideo\Chapter01\Chapter01M8.usm
09:57:54 <Warn:CheckByPkgVersion> The file is not correct : C:\Pro Player\PS\ZZZ PS\ZZZ_2.2.x\ZenlessZoneZeroBeta_Data\StreamingAssets\Video\HD\MainStory\PageVideo\Chapter01\Chapter01M9.usm
09:57:54 <Warn:CheckByPkgVersion> The file is not correct : C:\Pro Player\PS\ZZZ PS\ZZZ_2.2.x\ZenlessZoneZeroBeta_Data\StreamingAssets\Video\HD\MainStory\PageVideo\Chapter02\Chapter02M1.usm
09:57:54 <Warn:CheckByPkgVersion> The file is not correct : C:\Pro Player\PS\ZZZ PS\ZZZ_2.2.x\ZenlessZoneZeroBeta_Data\StreamingAssets\Video\HD\MainStory\PageVideo\Chapter02\Chapter02M10.usm
09:57:54 <Warn:CheckByPkgVersion> The file is not correct : C:\Pro Player\PS\ZZZ PS\ZZZ_2.2.x\ZenlessZoneZeroBeta_Data\StreamingAssets\Video\HD\MainStory\PageVideo\Chapter02\Chapter02M2.usm
09:57:54 <Warn:CheckByPkgVersion> The file is not correct : C:\Pro Player\PS\ZZZ PS\ZZZ_2.2.x\ZenlessZoneZeroBeta_Data\StreamingAssets\Video\HD\MainStory\PageVideo\Chapter02\Chapter02M3.usm
09:57:54 <Warn:CheckByPkgVersion> The file is not correct : C:\Pro Player\PS\ZZZ PS\ZZZ_2.2.x\ZenlessZoneZeroBeta_Data\StreamingAssets\Video\HD\MainStory\PageVideo\Chapter02\Chapter02M4.usm
09:57:54 <Warn:CheckByPkgVersion> The file is not correct : C:\Pro Player\PS\ZZZ PS\ZZZ_2.2.x\ZenlessZoneZeroBeta_Data\StreamingAssets\Video\HD\MainStory\PageVideo\Chapter02\Chapter02M5.usm
09:57:54 <Warn:CheckByPkgVersion> The file is not correct : C:\Pro Player\PS\ZZZ PS\ZZZ_2.2.x\ZenlessZoneZeroBeta_Data\StreamingAssets\Video\HD\MainStory\PageVideo\Chapter02\Chapter02M6.usm
09:57:54 <Warn:CheckByPkgVersion> The file is not correct : C:\Pro Player\PS\ZZZ PS\ZZZ_2.2.x\ZenlessZoneZeroBeta_Data\StreamingAssets\Video\HD\MainStory\PageVideo\Chapter02\Chapter02M7.usm
09:57:54 <Warn:CheckByPkgVersion> The file is not correct : C:\Pro Player\PS\ZZZ PS\ZZZ_2.2.x\ZenlessZoneZeroBeta_Data\StreamingAssets\Video\HD\MainStory\PageVideo\Chapter02\Chapter02M8.usm
09:57:54 <Warn:CheckByPkgVersion> The file is not correct : C:\Pro Player\PS\ZZZ PS\ZZZ_2.2.x\ZenlessZoneZeroBeta_Data\StreamingAssets\Video\HD\MainStory\PageVideo\Chapter02\Chapter02M9.usm
09:57:54 <Warn:CheckByPkgVersion> The file is not correct : C:\Pro Player\PS\ZZZ PS\ZZZ_2.2.x\ZenlessZoneZeroBeta_Data\StreamingAssets\Video\HD\MainStory\PageVideo\Chapter03\Chapter03M1.usm
09:57:54 <Warn:CheckByPkgVersion> The file is not correct : C:\Pro Player\PS\ZZZ PS\ZZZ_2.2.x\ZenlessZoneZeroBeta_Data\StreamingAssets\Video\HD\MainStory\PageVideo\Chapter03\Chapter03M10.usm
09:57:54 <Warn:CheckByPkgVersion> The file is not correct : C:\Pro Player\PS\ZZZ PS\ZZZ_2.2.x\ZenlessZoneZeroBeta_Data\StreamingAssets\Video\HD\MainStory\PageVideo\Chapter03\Chapter03M11.usm
09:57:54 <Warn:CheckByPkgVersion> The file is not correct : C:\Pro Player\PS\ZZZ PS\ZZZ_2.2.x\ZenlessZoneZeroBeta_Data\StreamingAssets\Video\HD\MainStory\PageVideo\Chapter03\Chapter03M2.usm
09:57:54 <Warn:CheckByPkgVersion> The file is not correct : C:\Pro Player\PS\ZZZ PS\ZZZ_2.2.x\ZenlessZoneZeroBeta_Data\StreamingAssets\Video\HD\MainStory\PageVideo\Chapter03\Chapter03M3.usm
09:57:54 <Warn:CheckByPkgVersion> The file is not correct : C:\Pro Player\PS\ZZZ PS\ZZZ_2.2.x\ZenlessZoneZeroBeta_Data\StreamingAssets\Video\HD\MainStory\PageVideo\Chapter03\Chapter03M4.usm
09:57:54 <Warn:CheckByPkgVersion> The file is not correct : C:\Pro Player\PS\ZZZ PS\ZZZ_2.2.x\ZenlessZoneZeroBeta_Data\StreamingAssets\Video\HD\MainStory\PageVideo\Chapter03\Chapter03M5.usm
09:57:54 <Warn:CheckByPkgVersion> The file is not correct : C:\Pro Player\PS\ZZZ PS\ZZZ_2.2.x\ZenlessZoneZeroBeta_Data\StreamingAssets\Video\HD\MainStory\PageVideo\Chapter03\Chapter03M6.usm
09:57:54 <Warn:CheckByPkgVersion> The file is not correct : C:\Pro Player\PS\ZZZ PS\ZZZ_2.2.x\ZenlessZoneZeroBeta_Data\StreamingAssets\Video\HD\MainStory\PageVideo\Chapter03\Chapter03M7.usm
09:57:54 <Warn:CheckByPkgVersion> The file is not correct : C:\Pro Player\PS\ZZZ PS\ZZZ_2.2.x\ZenlessZoneZeroBeta_Data\StreamingAssets\Video\HD\MainStory\PageVideo\Chapter03\Chapter03M8.usm
09:57:54 <Warn:CheckByPkgVersion> The file is not correct : C:\Pro Player\PS\ZZZ PS\ZZZ_2.2.x\ZenlessZoneZeroBeta_Data\StreamingAssets\Video\HD\MainStory\PageVideo\Chapter03\Chapter03M9.usm
09:57:54 <Warn:CheckByPkgVersion> The file is not correct : C:\Pro Player\PS\ZZZ PS\ZZZ_2.2.x\ZenlessZoneZeroBeta_Data\StreamingAssets\Video\HD\MainStory\PageVideo\Chapter04\Chapter04M1.usm
09:57:54 <Warn:CheckByPkgVersion> The file is not correct : C:\Pro Player\PS\ZZZ PS\ZZZ_2.2.x\ZenlessZoneZeroBeta_Data\StreamingAssets\Video\HD\MainStory\PageVideo\Chapter04\Chapter04M10.usm
09:57:54 <Warn:CheckByPkgVersion> The file is not correct : C:\Pro Player\PS\ZZZ PS\ZZZ_2.2.x\ZenlessZoneZeroBeta_Data\StreamingAssets\Video\HD\MainStory\PageVideo\Chapter04\Chapter04M2.usm
09:57:54 <Warn:CheckByPkgVersion> The file is not correct : C:\Pro Player\PS\ZZZ PS\ZZZ_2.2.x\ZenlessZoneZeroBeta_Data\StreamingAssets\Video\HD\MainStory\PageVideo\Chapter04\Chapter04M3.usm
09:57:54 <Warn:CheckByPkgVersion> The file is not correct : C:\Pro Player\PS\ZZZ PS\ZZZ_2.2.x\ZenlessZoneZeroBeta_Data\StreamingAssets\Video\HD\MainStory\PageVideo\Chapter04\Chapter04M4.usm
09:57:54 <Warn:CheckByPkgVersion> The file is not correct : C:\Pro Player\PS\ZZZ PS\ZZZ_2.2.x\ZenlessZoneZeroBeta_Data\StreamingAssets\Video\HD\MainStory\PageVideo\Chapter04\Chapter04M5.usm
09:57:54 <Warn:CheckByPkgVersion> The file is not correct : C:\Pro Player\PS\ZZZ PS\ZZZ_2.2.x\ZenlessZoneZeroBeta_Data\StreamingAssets\Video\HD\MainStory\PageVideo\Chapter04\Chapter04M6.usm
09:57:54 <Warn:CheckByPkgVersion> The file is not correct : C:\Pro Player\PS\ZZZ PS\ZZZ_2.2.x\ZenlessZoneZeroBeta_Data\StreamingAssets\Video\HD\MainStory\PageVideo\Chapter04\Chapter04M7.usm
09:57:54 <Warn:CheckByPkgVersion> The file is not correct : C:\Pro Player\PS\ZZZ PS\ZZZ_2.2.x\ZenlessZoneZeroBeta_Data\StreamingAssets\Video\HD\MainStory\PageVideo\Chapter04\Chapter04M8.usm
09:57:54 <Warn:CheckByPkgVersion> The file is not correct : C:\Pro Player\PS\ZZZ PS\ZZZ_2.2.x\ZenlessZoneZeroBeta_Data\StreamingAssets\Video\HD\MainStory\PageVideo\Chapter04\Chapter04M9.usm
09:57:54 <Warn:CheckByPkgVersion> The file is not correct : C:\Pro Player\PS\ZZZ PS\ZZZ_2.2.x\ZenlessZoneZeroBeta_Data\StreamingAssets\Video\HD\MainStory\PageVideo\Chapter05\Chapter05M1.usm
09:57:54 <Warn:CheckByPkgVersion> The file is not correct : C:\Pro Player\PS\ZZZ PS\ZZZ_2.2.x\ZenlessZoneZeroBeta_Data\StreamingAssets\Video\HD\MainStory\PageVideo\Chapter05\Chapter05M2.usm
09:57:54 <Warn:CheckByPkgVersion> The file is not correct : C:\Pro Player\PS\ZZZ PS\ZZZ_2.2.x\ZenlessZoneZeroBeta_Data\StreamingAssets\Video\HD\MainStory\PageVideo\Chapter05\Chapter05M3.usm
09:57:54 <Warn:CheckByPkgVersion> The file is not correct : C:\Pro Player\PS\ZZZ PS\ZZZ_2.2.x\ZenlessZoneZeroBeta_Data\StreamingAssets\Video\HD\MainStory\PageVideo\Chapter05\Chapter05M4.usm
09:57:54 <Warn:CheckByPkgVersion> The file is not correct : C:\Pro Player\PS\ZZZ PS\ZZZ_2.2.x\ZenlessZoneZeroBeta_Data\StreamingAssets\Video\HD\MainStory\PageVideo\Chapter05\Chapter05M5.usm
09:57:54 <Warn:CheckByPkgVersion> The file is not correct : C:\Pro Player\PS\ZZZ PS\ZZZ_2.2.x\ZenlessZoneZeroBeta_Data\StreamingAssets\Video\HD\MainStory\PageVideo\Chapter05\Chapter05M6.usm
09:57:54 <Warn:CheckByPkgVersion> The file is not correct : C:\Pro Player\PS\ZZZ PS\ZZZ_2.2.x\ZenlessZoneZeroBeta_Data\StreamingAssets\Video\HD\MainStory\PageVideo\Chapter05\Chapter05M7.usm
09:57:54 <Warn:CheckByPkgVersion> The file is not correct : C:\Pro Player\PS\ZZZ PS\ZZZ_2.2.x\ZenlessZoneZeroBeta_Data\StreamingAssets\Video\HD\MainStory\PageVideo\Chapter05\Chapter05M8.usm
09:57:54 <Warn:CheckByPkgVersion> The file is not correct : C:\Pro Player\PS\ZZZ PS\ZZZ_2.2.x\ZenlessZoneZeroBeta_Data\StreamingAssets\Video\HD\MainStory\PageVideo\Chapter05\Chapter05M9.usm
09:57:54 <Warn:CheckByPkgVersion> The file is not correct : C:\Pro Player\PS\ZZZ PS\ZZZ_2.2.x\ZenlessZoneZeroBeta_Data\StreamingAssets\Video\HD\MainStory\PageVideo\Chapter06\Chapter06M1.usm
09:57:54 <Warn:CheckByPkgVersion> The file is not correct : C:\Pro Player\PS\ZZZ PS\ZZZ_2.2.x\ZenlessZoneZeroBeta_Data\StreamingAssets\Video\HD\MainStory\PageVideo\Chapter06\Chapter06M10.usm
09:57:54 <Warn:CheckByPkgVersion> The file is not correct : C:\Pro Player\PS\ZZZ PS\ZZZ_2.2.x\ZenlessZoneZeroBeta_Data\StreamingAssets\Video\HD\MainStory\PageVideo\Chapter06\Chapter06M11.usm
09:57:54 <Warn:CheckByPkgVersion> The file is not correct : C:\Pro Player\PS\ZZZ PS\ZZZ_2.2.x\ZenlessZoneZeroBeta_Data\StreamingAssets\Video\HD\MainStory\PageVideo\Chapter06\Chapter06M2.usm
09:57:54 <Warn:CheckByPkgVersion> The file is not correct : C:\Pro Player\PS\ZZZ PS\ZZZ_2.2.x\ZenlessZoneZeroBeta_Data\StreamingAssets\Video\HD\MainStory\PageVideo\Chapter06\Chapter06M3.usm
09:57:54 <Warn:CheckByPkgVersion> The file is not correct : C:\Pro Player\PS\ZZZ PS\ZZZ_2.2.x\ZenlessZoneZeroBeta_Data\StreamingAssets\Video\HD\MainStory\PageVideo\Chapter06\Chapter06M4.usm
09:57:54 <Warn:CheckByPkgVersion> The file is not correct : C:\Pro Player\PS\ZZZ PS\ZZZ_2.2.x\ZenlessZoneZeroBeta_Data\StreamingAssets\Video\HD\MainStory\PageVideo\Chapter06\Chapter06M5.usm
09:57:54 <Warn:CheckByPkgVersion> The file is not correct : C:\Pro Player\PS\ZZZ PS\ZZZ_2.2.x\ZenlessZoneZeroBeta_Data\StreamingAssets\Video\HD\MainStory\PageVideo\Chapter06\Chapter06M6.usm
09:57:54 <Warn:CheckByPkgVersion> The file is not correct : C:\Pro Player\PS\ZZZ PS\ZZZ_2.2.x\ZenlessZoneZeroBeta_Data\StreamingAssets\Video\HD\MainStory\PageVideo\Chapter06\Chapter06M7.usm
09:57:54 <Warn:CheckByPkgVersion> The file is not correct : C:\Pro Player\PS\ZZZ PS\ZZZ_2.2.x\ZenlessZoneZeroBeta_Data\StreamingAssets\Video\HD\MainStory\PageVideo\Chapter06\Chapter06M8.usm
09:57:54 <Warn:CheckByPkgVersion> The file is not correct : C:\Pro Player\PS\ZZZ PS\ZZZ_2.2.x\ZenlessZoneZeroBeta_Data\StreamingAssets\Video\HD\MainStory\PageVideo\Chapter06\Chapter06M9.usm
09:57:54 <Warn:CheckByPkgVersion> The file is not correct : C:\Pro Player\PS\ZZZ PS\ZZZ_2.2.x\ZenlessZoneZeroBeta_Data\StreamingAssets\Video\HD\MainStory\PageVideo\ChapterPersonal\ChapterGeminiM1.usm
09:57:54 <Warn:CheckByPkgVersion> The file is not correct : C:\Pro Player\PS\ZZZ PS\ZZZ_2.2.x\ZenlessZoneZeroBeta_Data\StreamingAssets\Video\HD\Procedure\Cs_Melinoe_Main_End.usm
09:57:54 <Warn:CheckByPkgVersion> The file is not correct : C:\Pro Player\PS\ZZZ PS\ZZZ_2.2.x\ZenlessZoneZeroBeta_Data\StreamingAssets\Video\HD\Transfer\HollowLoading\OuterRing\HollowLoading_OuterRing_AfternoonFoggy.usm
09:57:54 <Warn:CheckByPkgVersion> The file is not correct : C:\Pro Player\PS\ZZZ PS\ZZZ_2.2.x\ZenlessZoneZeroBeta_Data\StreamingAssets\Video\HD\Transfer\HollowLoading\OuterRing\HollowLoading_OuterRing_AfternoonRainy.usm
09:57:54 <Warn:CheckByPkgVersion> The file is not correct : C:\Pro Player\PS\ZZZ PS\ZZZ_2.2.x\ZenlessZoneZeroBeta_Data\StreamingAssets\Video\HD\Transfer\HollowLoading\OuterRing\HollowLoading_OuterRing_AfternoonSunny.usm
09:57:54 <Warn:CheckByPkgVersion> The file is not correct : C:\Pro Player\PS\ZZZ PS\ZZZ_2.2.x\ZenlessZoneZeroBeta_Data\StreamingAssets\Video\HD\Transfer\HollowLoading\OuterRing\HollowLoading_OuterRing_DayFoggy.usm
09:57:54 <Warn:CheckByPkgVersion> The file is not correct : C:\Pro Player\PS\ZZZ PS\ZZZ_2.2.x\ZenlessZoneZeroBeta_Data\StreamingAssets\Video\HD\Transfer\HollowLoading\OuterRing\HollowLoading_OuterRing_DayRainy.usm
09:57:54 <Warn:CheckByPkgVersion> The file is not correct : C:\Pro Player\PS\ZZZ PS\ZZZ_2.2.x\ZenlessZoneZeroBeta_Data\StreamingAssets\Video\HD\Transfer\HollowLoading\OuterRing\HollowLoading_OuterRing_DaySunny.usm
09:57:54 <Warn:CheckByPkgVersion> The file is not correct : C:\Pro Player\PS\ZZZ PS\ZZZ_2.2.x\ZenlessZoneZeroBeta_Data\StreamingAssets\Video\HD\Transfer\HollowLoading\OuterRing\HollowLoading_OuterRing_ExtremeCloudy.usm
09:57:54 <Warn:CheckByPkgVersion> The file is not correct : C:\Pro Player\PS\ZZZ PS\ZZZ_2.2.x\ZenlessZoneZeroBeta_Data\StreamingAssets\Video\HD\Transfer\HollowLoading\OuterRing\HollowLoading_OuterRing_ExtremeRainy.usm
09:57:54 <Warn:CheckByPkgVersion> The file is not correct : C:\Pro Player\PS\ZZZ PS\ZZZ_2.2.x\ZenlessZoneZeroBeta_Data\StreamingAssets\Video\HD\Transfer\HollowLoading\OuterRing\HollowLoading_OuterRing_NightFoggy.usm
09:57:54 <Warn:CheckByPkgVersion> The file is not correct : C:\Pro Player\PS\ZZZ PS\ZZZ_2.2.x\ZenlessZoneZeroBeta_Data\StreamingAssets\Video\HD\Transfer\HollowLoading\OuterRing\HollowLoading_OuterRing_NightRainy.usm
09:57:54 <Warn:CheckByPkgVersion> The file is not correct : C:\Pro Player\PS\ZZZ PS\ZZZ_2.2.x\ZenlessZoneZeroBeta_Data\StreamingAssets\Video\HD\Transfer\HollowLoading\OuterRing\HollowLoading_OuterRing_NightSunny.usm
09:57:54 <Warn:CheckByPkgVersion> The file is not correct : C:\Pro Player\PS\ZZZ PS\ZZZ_2.2.x\ZenlessZoneZeroBeta_Data\StreamingAssets\Video\HD\Transfer\HollowLoading\OuterRing\MaptoChessboardNext.usm
09:57:54 <Warn:CheckByPkgVersion> The file is not correct : C:\Pro Player\PS\ZZZ PS\ZZZ_2.2.x\ZenlessZoneZeroBeta_Data\StreamingAssets\Video\HD\Transfer\HollowLoading\OuterRing\OuterRingMaptoChessboard.usm
09:57:54 <Warn:CheckByPkgVersion> The file is not correct : C:\Pro Player\PS\ZZZ PS\ZZZ_2.2.x\ZenlessZoneZeroBeta_Data\StreamingAssets\Video\HD\Transfer\HollowLoading\Skyscraper\SkyscraperMaptoChessboard.usm
09:57:54 <Warn:CheckByPkgVersion> The file is not correct : C:\Pro Player\PS\ZZZ PS\ZZZ_2.2.x\ZenlessZoneZeroBeta_Data\StreamingAssets\Video\HD\Transfer\HollowLoading\Skyscraper\SkyscraperMaptoChessboardNext.usm
09:57:54 <Warn:CheckByPkgVersion> The file is not correct : C:\Pro Player\PS\ZZZ PS\ZZZ_2.2.x\ZenlessZoneZeroBeta_Data\StreamingAssets\Video\HD\Transfer\HollowLoading\Skyscraper\SkyscraperNightFoggy.usm
09:57:54 <Warn:CheckByPkgVersion> The file is not correct : C:\Pro Player\PS\ZZZ PS\ZZZ_2.2.x\ZenlessZoneZeroBeta_Data\StreamingAssets\Video\HD\Transfer\HollowLoading\Skyscraper\SkyscraperNightSunny.usm
09:57:54 <Warn:CheckByPkgVersion> The file is not correct : C:\Pro Player\PS\ZZZ PS\ZZZ_2.2.x\ZenlessZoneZeroBeta_Data\StreamingAssets\Video\HD\Transfer\HollowLoading\Skyscraper\SkyscraperNightThunderstorm.usm
09:57:54 <Warn:CheckByPkgVersion> The file is not correct : C:\Pro Player\PS\ZZZ PS\ZZZ_2.2.x\ZenlessZoneZeroBeta_Data\StreamingAssets\Video\HD\Transfer\HollowLoading\Special\RoamingTheEther_HollowLoading.usm
09:57:54 <Warn:CheckByPkgVersion> The file is not correct : C:\Pro Player\PS\ZZZ PS\ZZZ_2.2.x\ZenlessZoneZeroBeta_Data\StreamingAssets\Video\HD\Transfer\HollowLoading\Special\RoamingTheEther_MaptoChessboard.usm
09:57:54 <Warn:CheckByPkgVersion> The file is not correct : C:\Pro Player\PS\ZZZ PS\ZZZ_2.2.x\ZenlessZoneZeroBeta_Data\StreamingAssets\Video\HD\Transfer\HollowLoading\Zero\ChallengeZero.usm
09:57:54 <Warn:CheckByPkgVersion> The file is not correct : C:\Pro Player\PS\ZZZ PS\ZZZ_2.2.x\ZenlessZoneZeroBeta_Data\StreamingAssets\Video\HD\Transfer\HollowLoading\Zero\ChallengeZero02.usm
09:57:54 <Warn:CheckByPkgVersion> The file is not correct : C:\Pro Player\PS\ZZZ PS\ZZZ_2.2.x\ZenlessZoneZeroBeta_Data\StreamingAssets\Video\HD\Transfer\HollowLoading\Zero\ChallengeZero03.usm
09:57:54 <Warn:CheckByPkgVersion> The file is not correct : C:\Pro Player\PS\ZZZ PS\ZZZ_2.2.x\ZenlessZoneZeroBeta_Data\StreamingAssets\Video\HD\Transfer\HollowLoading\Zero\ChallengeZeroMaptoChessboard.usm
09:57:54 <Warn:CheckByPkgVersion> The file is not correct : C:\Pro Player\PS\ZZZ PS\ZZZ_2.2.x\ZenlessZoneZeroBeta_Data\StreamingAssets\Video\HD\Transfer\HollowLoading\Zero\ChallengeZeroMaptoChessboardNext.usm
09:57:54 <Warn:CheckByPkgVersion> The file is not correct : C:\Pro Player\PS\ZZZ PS\ZZZ_2.2.x\ZenlessZoneZeroBeta_Data\StreamingAssets\Video\HD\Transfer\HollowSwitchLayer\ConstructionSite\ConstructionSiteLayerEnd.usm
09:57:54 <Warn:CheckByPkgVersion> The file is not correct : C:\Pro Player\PS\ZZZ PS\ZZZ_2.2.x\ZenlessZoneZeroBeta_Data\StreamingAssets\Video\HD\Transfer\HollowSwitchLayer\ConstructionSite\ConstructionSiteLayerLoop.usm
09:57:54 <Warn:CheckByPkgVersion> The file is not correct : C:\Pro Player\PS\ZZZ PS\ZZZ_2.2.x\ZenlessZoneZeroBeta_Data\StreamingAssets\Video\HD\Transfer\HollowSwitchLayer\ConstructionSite\ConstructionSiteLayerStart.usm
09:57:54 <Warn:CheckByPkgVersion> The file is not correct : C:\Pro Player\PS\ZZZ PS\ZZZ_2.2.x\ZenlessZoneZeroBeta_Data\StreamingAssets\Video\HD\Transfer\HollowSwitchLayer\Metro\MetroLayerEnd.usm
09:57:54 <Warn:CheckByPkgVersion> The file is not correct : C:\Pro Player\PS\ZZZ PS\ZZZ_2.2.x\ZenlessZoneZeroBeta_Data\StreamingAssets\Video\HD\Transfer\HollowSwitchLayer\Metro\MetroLayerLoop.usm
09:57:54 <Warn:CheckByPkgVersion> The file is not correct : C:\Pro Player\PS\ZZZ PS\ZZZ_2.2.x\ZenlessZoneZeroBeta_Data\StreamingAssets\Video\HD\Transfer\HollowSwitchLayer\Metro\MetroLayerStart.usm
09:57:54 <Warn:CheckByPkgVersion> The file is not correct : C:\Pro Player\PS\ZZZ PS\ZZZ_2.2.x\ZenlessZoneZeroBeta_Data\StreamingAssets\Video\HD\Transfer\HollowSwitchLayer\OuterRing\OuterRingLayerEnd.usm
09:57:54 <Warn:CheckByPkgVersion> The file is not correct : C:\Pro Player\PS\ZZZ PS\ZZZ_2.2.x\ZenlessZoneZeroBeta_Data\StreamingAssets\Video\HD\Transfer\HollowSwitchLayer\OuterRing\OuterRingLayerLoop.usm
09:57:54 <Warn:CheckByPkgVersion> The file is not correct : C:\Pro Player\PS\ZZZ PS\ZZZ_2.2.x\ZenlessZoneZeroBeta_Data\StreamingAssets\Video\HD\Transfer\HollowSwitchLayer\OuterRing\OuterRingLayerStart.usm
09:57:54 <Warn:CheckByPkgVersion> The file is not correct : C:\Pro Player\PS\ZZZ PS\ZZZ_2.2.x\ZenlessZoneZeroBeta_Data\StreamingAssets\Video\HD\Transfer\HollowSwitchLayer\Skyscraper\SkyscraperLayerEnd.usm
09:57:54 <Warn:CheckByPkgVersion> The file is not correct : C:\Pro Player\PS\ZZZ PS\ZZZ_2.2.x\ZenlessZoneZeroBeta_Data\StreamingAssets\Video\HD\Transfer\HollowSwitchLayer\Skyscraper\SkyscraperLayerLoop.usm
09:57:54 <Warn:CheckByPkgVersion> The file is not correct : C:\Pro Player\PS\ZZZ PS\ZZZ_2.2.x\ZenlessZoneZeroBeta_Data\StreamingAssets\Video\HD\Transfer\HollowSwitchLayer\Skyscraper\SkyscraperLayerStart.usm
09:57:54 <Warn:CheckByPkgVersion> The file is not correct : C:\Pro Player\PS\ZZZ PS\ZZZ_2.2.x\ZenlessZoneZeroBeta_Data\StreamingAssets\Video\HD\Transfer\HollowSwitchLayer\Zero\ChallengeZeroLayerEnd.usm
09:57:54 <Warn:CheckByPkgVersion> The file is not correct : C:\Pro Player\PS\ZZZ PS\ZZZ_2.2.x\ZenlessZoneZeroBeta_Data\StreamingAssets\Video\HD\Transfer\HollowSwitchLayer\Zero\ChallengeZeroLayerLoop.usm
09:57:54 <Warn:CheckByPkgVersion> The file is not correct : C:\Pro Player\PS\ZZZ PS\ZZZ_2.2.x\ZenlessZoneZeroBeta_Data\StreamingAssets\Video\HD\Transfer\HollowSwitchLayer\Zero\ChallengeZeroLayerStart.usm
09:57:54 <Warn:CheckByPkgVersion> The file is not correct : C:\Pro Player\PS\ZZZ PS\ZZZ_2.2.x\ZenlessZoneZeroBeta_Data\StreamingAssets\Video\HD\Transfer\HollowSwitchLayer\Zero\HadalZone_LayerEnd.usm
09:57:54 <Warn:CheckByPkgVersion> The file is not correct : C:\Pro Player\PS\ZZZ PS\ZZZ_2.2.x\ZenlessZoneZeroBeta_Data\StreamingAssets\Video\HD\Transfer\HollowSwitchLayer\Zero\HadalZone_LayerLoop.usm
09:57:54 <Warn:CheckByPkgVersion> The file is not correct : C:\Pro Player\PS\ZZZ PS\ZZZ_2.2.x\ZenlessZoneZeroBeta_Data\StreamingAssets\Video\HD\Transfer\HollowSwitchLayer\Zero\HadalZone_LayerStart.usm
09:57:54 <Warn:CheckByPkgVersion> The file is not correct : C:\Pro Player\PS\ZZZ PS\ZZZ_2.2.x\ZenlessZoneZeroBeta_Data\StreamingAssets\Video\HD\Transfer\HollowSwitchLayer\Zero\Hadal_MainPage_Dispute.usm
09:57:54 <Warn:CheckByPkgVersion> The file is not correct : C:\Pro Player\PS\ZZZ PS\ZZZ_2.2.x\ZenlessZoneZeroBeta_Data\StreamingAssets\Video\HD\Transfer\HollowSwitchLayer\Zero\Hadal_MainPage_Periodic.usm
09:57:54 <Warn:CheckByPkgVersion> The file is not correct : C:\Pro Player\PS\ZZZ PS\ZZZ_2.2.x\ZenlessZoneZeroBeta_Data\StreamingAssets\Video\HD\Transfer\HollowSwitchLayer\Zero\Hadal_MainPage_Permanent.usm
09:57:54 <Warn:CheckByPkgVersion> The file is not correct : C:\Pro Player\PS\ZZZ PS\ZZZ_2.2.x\ZenlessZoneZeroBeta_Data\StreamingAssets\Video\HD\Transfer\HollowSwitchLayer\Zero\Limbo_LayerEnd.usm
09:57:54 <Warn:CheckByPkgVersion> The file is not correct : C:\Pro Player\PS\ZZZ PS\ZZZ_2.2.x\ZenlessZoneZeroBeta_Data\StreamingAssets\Video\HD\Transfer\HollowSwitchLayer\Zero\Limbo_LayerLoop.usm
09:57:54 <Warn:CheckByPkgVersion> The file is not correct : C:\Pro Player\PS\ZZZ PS\ZZZ_2.2.x\ZenlessZoneZeroBeta_Data\StreamingAssets\Video\HD\Transfer\HollowSwitchLayer\Zero\Limbo_LayerStart.usm
09:57:54 <Warn:CheckByPkgVersion> The file is not correct : C:\Pro Player\PS\ZZZ PS\ZZZ_2.2.x\ZenlessZoneZeroBeta_Data\StreamingAssets\Video\HD\Yorozuya\HollowEvent_Defense.usm
09:57:54 <Warn:CheckByPkgVersion> The file is not correct : C:\Pro Player\PS\ZZZ PS\ZZZ_2.2.x\ZenlessZoneZeroBeta_Data\StreamingAssets\Video\HD\Yorozuya\HollowEvent_Empty.usm
09:57:54 <Warn:CheckByPkgVersion> The file is not correct : C:\Pro Player\PS\ZZZ PS\ZZZ_2.2.x\ZenlessZoneZeroBeta_Data\StreamingAssets\Video\HD\Yorozuya\HollowEvent_Zero.usm
09:57:54 <Warn:CheckByPkgVersion> The file is not correct : C:\Pro Player\PS\ZZZ PS\ZZZ_2.2.x\ZenlessZoneZeroBeta_Data\StreamingAssets\Video\HD\Yorozuya\HollowEvent_Zero2.usm
09:57:54 <Warn:CheckByPkgVersion> The file is not correct : C:\Pro Player\PS\ZZZ PS\ZZZ_2.2.x\ZenlessZoneZeroBeta_Data\StreamingAssets\Video\HD\Yorozuya\Concert\ConcertNightSunny.usm
09:57:54 <Warn:CheckByPkgVersion> The file is not correct : C:\Pro Player\PS\ZZZ PS\ZZZ_2.2.x\ZenlessZoneZeroBeta_Data\StreamingAssets\Video\HD\Yorozuya\ConstructionSite\ConstructionSiteDaySunny.usm
09:57:54 <Warn:CheckByPkgVersion> The file is not correct : C:\Pro Player\PS\ZZZ PS\ZZZ_2.2.x\ZenlessZoneZeroBeta_Data\StreamingAssets\Video\HD\Yorozuya\ConstructionSite\ConstructionSiteDayThunderstorm.usm
09:57:54 <Warn:CheckByPkgVersion> The file is not correct : C:\Pro Player\PS\ZZZ PS\ZZZ_2.2.x\ZenlessZoneZeroBeta_Data\StreamingAssets\Video\HD\Yorozuya\ConstructionSite\ConstructionSiteEveningFog.usm
09:57:54 <Warn:CheckByPkgVersion> The file is not correct : C:\Pro Player\PS\ZZZ PS\ZZZ_2.2.x\ZenlessZoneZeroBeta_Data\StreamingAssets\Video\HD\Yorozuya\ConstructionSite\ConstructionSiteEveningRain.usm
09:57:54 <Warn:CheckByPkgVersion> The file is not correct : C:\Pro Player\PS\ZZZ PS\ZZZ_2.2.x\ZenlessZoneZeroBeta_Data\StreamingAssets\Video\HD\Yorozuya\ConstructionSite\ConstructionSiteEveningSunShine.usm
09:57:54 <Warn:CheckByPkgVersion> The file is not correct : C:\Pro Player\PS\ZZZ PS\ZZZ_2.2.x\ZenlessZoneZeroBeta_Data\StreamingAssets\Video\HD\Yorozuya\ConstructionSite\ConstructionSiteEveningThunderstorm.usm
09:57:54 <Warn:CheckByPkgVersion> The file is not correct : C:\Pro Player\PS\ZZZ PS\ZZZ_2.2.x\ZenlessZoneZeroBeta_Data\StreamingAssets\Video\HD\Yorozuya\ConstructionSite\ConstructionSiteMorningFog.usm
09:57:54 <Warn:CheckByPkgVersion> The file is not correct : C:\Pro Player\PS\ZZZ PS\ZZZ_2.2.x\ZenlessZoneZeroBeta_Data\StreamingAssets\Video\HD\Yorozuya\ConstructionSite\ConstructionSiteMorningRain.usm
09:57:54 <Warn:CheckByPkgVersion> The file is not correct : C:\Pro Player\PS\ZZZ PS\ZZZ_2.2.x\ZenlessZoneZeroBeta_Data\StreamingAssets\Video\HD\Yorozuya\ConstructionSite\ConstructionSiteMorningSunShine.usm
09:57:54 <Warn:CheckByPkgVersion> The file is not correct : C:\Pro Player\PS\ZZZ PS\ZZZ_2.2.x\ZenlessZoneZeroBeta_Data\StreamingAssets\Video\HD\Yorozuya\ConstructionSite\ConstructionSiteNightFog.usm
09:57:54 <Warn:CheckByPkgVersion> The file is not correct : C:\Pro Player\PS\ZZZ PS\ZZZ_2.2.x\ZenlessZoneZeroBeta_Data\StreamingAssets\Video\HD\Yorozuya\ConstructionSite\ConstructionSiteNightRain.usm
09:57:54 <Warn:CheckByPkgVersion> The file is not correct : C:\Pro Player\PS\ZZZ PS\ZZZ_2.2.x\ZenlessZoneZeroBeta_Data\StreamingAssets\Video\HD\Yorozuya\ConstructionSite\ConstructionSiteNightSunShine.usm
09:57:54 <Warn:CheckByPkgVersion> The file is not correct : C:\Pro Player\PS\ZZZ PS\ZZZ_2.2.x\ZenlessZoneZeroBeta_Data\StreamingAssets\Video\HD\Yorozuya\ConstructionSite\ConstructionSiteNightThunderstorm.usm
09:57:54 <Warn:CheckByPkgVersion> The file is not correct : C:\Pro Player\PS\ZZZ PS\ZZZ_2.2.x\ZenlessZoneZeroBeta_Data\StreamingAssets\Video\HD\Yorozuya\Metro\MetroDaySunny.usm
09:57:54 <Warn:CheckByPkgVersion> The file is not correct : C:\Pro Player\PS\ZZZ PS\ZZZ_2.2.x\ZenlessZoneZeroBeta_Data\StreamingAssets\Video\HD\Yorozuya\Metro\MetroDayThunderstorm.usm
09:57:54 <Warn:CheckByPkgVersion> The file is not correct : C:\Pro Player\PS\ZZZ PS\ZZZ_2.2.x\ZenlessZoneZeroBeta_Data\StreamingAssets\Video\HD\Yorozuya\Metro\MetroEveningFog.usm
09:57:54 <Warn:CheckByPkgVersion> The file is not correct : C:\Pro Player\PS\ZZZ PS\ZZZ_2.2.x\ZenlessZoneZeroBeta_Data\StreamingAssets\Video\HD\Yorozuya\Metro\MetroEveningRain.usm
09:57:54 <Warn:CheckByPkgVersion> The file is not correct : C:\Pro Player\PS\ZZZ PS\ZZZ_2.2.x\ZenlessZoneZeroBeta_Data\StreamingAssets\Video\HD\Yorozuya\Metro\MetroEveningSunShine.usm
09:57:54 <Warn:CheckByPkgVersion> The file is not correct : C:\Pro Player\PS\ZZZ PS\ZZZ_2.2.x\ZenlessZoneZeroBeta_Data\StreamingAssets\Video\HD\Yorozuya\Metro\MetroEveningThunderstorm.usm
09:57:54 <Warn:CheckByPkgVersion> The file is not correct : C:\Pro Player\PS\ZZZ PS\ZZZ_2.2.x\ZenlessZoneZeroBeta_Data\StreamingAssets\Video\HD\Yorozuya\Metro\MetroMorningFog.usm
09:57:54 <Warn:CheckByPkgVersion> The file is not correct : C:\Pro Player\PS\ZZZ PS\ZZZ_2.2.x\ZenlessZoneZeroBeta_Data\StreamingAssets\Video\HD\Yorozuya\Metro\MetroMorningRain.usm
09:57:54 <Warn:CheckByPkgVersion> The file is not correct : C:\Pro Player\PS\ZZZ PS\ZZZ_2.2.x\ZenlessZoneZeroBeta_Data\StreamingAssets\Video\HD\Yorozuya\Metro\MetroMorningSunShine.usm
09:57:54 <Warn:CheckByPkgVersion> The file is not correct : C:\Pro Player\PS\ZZZ PS\ZZZ_2.2.x\ZenlessZoneZeroBeta_Data\StreamingAssets\Video\HD\Yorozuya\Metro\MetroNightFog.usm
09:57:54 <Warn:CheckByPkgVersion> The file is not correct : C:\Pro Player\PS\ZZZ PS\ZZZ_2.2.x\ZenlessZoneZeroBeta_Data\StreamingAssets\Video\HD\Yorozuya\Metro\MetroNightRain.usm
09:57:54 <Warn:CheckByPkgVersion> The file is not correct : C:\Pro Player\PS\ZZZ PS\ZZZ_2.2.x\ZenlessZoneZeroBeta_Data\StreamingAssets\Video\HD\Yorozuya\Metro\MetroNightSunShine.usm
09:57:54 <Warn:CheckByPkgVersion> The file is not correct : C:\Pro Player\PS\ZZZ PS\ZZZ_2.2.x\ZenlessZoneZeroBeta_Data\StreamingAssets\Video\HD\Yorozuya\Metro\MetroNightThunderstorm.usm
09:57:54 <Warn:CheckByPkgVersion> The file is not correct : C:\Pro Player\PS\ZZZ PS\ZZZ_2.2.x\ZenlessZoneZeroBeta_Data\StreamingAssets\Video\HD\Yorozuya\OuterRing\OuterRingEveningFog.usm
09:57:54 <Warn:CheckByPkgVersion> The file is not correct : C:\Pro Player\PS\ZZZ PS\ZZZ_2.2.x\ZenlessZoneZeroBeta_Data\StreamingAssets\Video\HD\Yorozuya\OuterRing\OuterRingEveningRain.usm
09:57:54 <Warn:CheckByPkgVersion> The file is not correct : C:\Pro Player\PS\ZZZ PS\ZZZ_2.2.x\ZenlessZoneZeroBeta_Data\StreamingAssets\Video\HD\Yorozuya\OuterRing\OuterRingEveningSunshine.usm
09:57:54 <Warn:CheckByPkgVersion> The file is not correct : C:\Pro Player\PS\ZZZ PS\ZZZ_2.2.x\ZenlessZoneZeroBeta_Data\StreamingAssets\Video\HD\Yorozuya\OuterRing\OuterRingMoringFog.usm
09:57:54 <Warn:CheckByPkgVersion> The file is not correct : C:\Pro Player\PS\ZZZ PS\ZZZ_2.2.x\ZenlessZoneZeroBeta_Data\StreamingAssets\Video\HD\Yorozuya\OuterRing\OuterRingMoringRain.usm
09:57:54 <Warn:CheckByPkgVersion> The file is not correct : C:\Pro Player\PS\ZZZ PS\ZZZ_2.2.x\ZenlessZoneZeroBeta_Data\StreamingAssets\Video\HD\Yorozuya\OuterRing\OuterRingMoringSunshine.usm
09:57:54 <Warn:CheckByPkgVersion> The file is not correct : C:\Pro Player\PS\ZZZ PS\ZZZ_2.2.x\ZenlessZoneZeroBeta_Data\StreamingAssets\Video\HD\Yorozuya\OuterRing\OuterRingNightFog.usm
09:57:54 <Warn:CheckByPkgVersion> The file is not correct : C:\Pro Player\PS\ZZZ PS\ZZZ_2.2.x\ZenlessZoneZeroBeta_Data\StreamingAssets\Video\HD\Yorozuya\OuterRing\OuterRingNightRain.usm
09:57:54 <Warn:CheckByPkgVersion> The file is not correct : C:\Pro Player\PS\ZZZ PS\ZZZ_2.2.x\ZenlessZoneZeroBeta_Data\StreamingAssets\Video\HD\Yorozuya\OuterRing\OuterRingNightSunshine.usm
09:57:54 <Warn:CheckByPkgVersion> The file is not correct : C:\Pro Player\PS\ZZZ PS\ZZZ_2.2.x\ZenlessZoneZeroBeta_Data\StreamingAssets\Video\HD\Yorozuya\OuterRing\OuterRingThunder.usm
09:57:54 <Warn:CheckByPkgVersion> The file is not correct : C:\Pro Player\PS\ZZZ PS\ZZZ_2.2.x\ZenlessZoneZeroBeta_Data\StreamingAssets\Video\HD\Yorozuya\OuterRing\VRChallengeZero.usm
09:57:54 <Warn:CheckByPkgVersion> The file is not correct : C:\Pro Player\PS\ZZZ PS\ZZZ_2.2.x\ZenlessZoneZeroBeta_Data\StreamingAssets\Video\HD\Yorozuya\OuterRing\VRConstructionSite.usm
09:57:54 <Warn:CheckByPkgVersion> The file is not correct : C:\Pro Player\PS\ZZZ PS\ZZZ_2.2.x\ZenlessZoneZeroBeta_Data\StreamingAssets\Video\HD\Yorozuya\OuterRing\VRLuminaSquare.usm
09:57:54 <Warn:CheckByPkgVersion> The file is not correct : C:\Pro Player\PS\ZZZ PS\ZZZ_2.2.x\ZenlessZoneZeroBeta_Data\StreamingAssets\Video\HD\Yorozuya\OuterRing\VRTrainingGround.usm
09:57:54 <Warn:CheckByPkgVersion> The file is not correct : C:\Pro Player\PS\ZZZ PS\ZZZ_2.2.x\ZenlessZoneZeroBeta_Data\StreamingAssets\Video\HD\Yorozuya\Port\PortExtremeFog.usm
09:57:54 <Warn:CheckByPkgVersion> The file is not correct : C:\Pro Player\PS\ZZZ PS\ZZZ_2.2.x\ZenlessZoneZeroBeta_Data\StreamingAssets\Video\HD\Yorozuya\Port\PortExtremeRain.usm
09:57:54 <Warn:CheckByPkgVersion> The file is not correct : C:\Pro Player\PS\ZZZ PS\ZZZ_2.2.x\ZenlessZoneZeroBeta_Data\StreamingAssets\Video\HD\Yorozuya\Port\PortMorningSunShine.usm
09:57:54 <Warn:CheckByPkgVersion> The file is not correct : C:\Pro Player\PS\ZZZ PS\ZZZ_2.2.x\ZenlessZoneZeroBeta_Data\StreamingAssets\Video\HD\Yorozuya\Port\PortNightFog.usm
09:57:54 <Warn:CheckByPkgVersion> The file is not correct : C:\Pro Player\PS\ZZZ PS\ZZZ_2.2.x\ZenlessZoneZeroBeta_Data\StreamingAssets\Video\HD\Yorozuya\Port\PortNightRain.usm
09:57:54 <Warn:CheckByPkgVersion> The file is not correct : C:\Pro Player\PS\ZZZ PS\ZZZ_2.2.x\ZenlessZoneZeroBeta_Data\StreamingAssets\Video\HD\Yorozuya\Port\PortNightSunShine.usm
09:57:54 <Warn:CheckByPkgVersion> The file is not correct : C:\Pro Player\PS\ZZZ PS\ZZZ_2.2.x\ZenlessZoneZeroBeta_Data\StreamingAssets\Video\HD\Yorozuya\Skyscraper\SkycraperEveningFog.usm
09:57:54 <Warn:CheckByPkgVersion> The file is not correct : C:\Pro Player\PS\ZZZ PS\ZZZ_2.2.x\ZenlessZoneZeroBeta_Data\StreamingAssets\Video\HD\Yorozuya\Skyscraper\SkycraperEveningRain.usm
09:57:54 <Warn:CheckByPkgVersion> The file is not correct : C:\Pro Player\PS\ZZZ PS\ZZZ_2.2.x\ZenlessZoneZeroBeta_Data\StreamingAssets\Video\HD\Yorozuya\Skyscraper\SkycraperMoringFog.usm
09:57:54 <Warn:CheckByPkgVersion> The file is not correct : C:\Pro Player\PS\ZZZ PS\ZZZ_2.2.x\ZenlessZoneZeroBeta_Data\StreamingAssets\Video\HD\Yorozuya\Skyscraper\SkycraperMoringRain.usm
09:57:54 <Warn:CheckByPkgVersion> The file is not correct : C:\Pro Player\PS\ZZZ PS\ZZZ_2.2.x\ZenlessZoneZeroBeta_Data\StreamingAssets\Video\HD\Yorozuya\Skyscraper\SkycraperMoringSunshine.usm
09:57:54 <Warn:CheckByPkgVersion> The file is not correct : C:\Pro Player\PS\ZZZ PS\ZZZ_2.2.x\ZenlessZoneZeroBeta_Data\StreamingAssets\Video\HD\Yorozuya\Skyscraper\SkycraperNightFog.usm
09:57:54 <Warn:CheckByPkgVersion> The file is not correct : C:\Pro Player\PS\ZZZ PS\ZZZ_2.2.x\ZenlessZoneZeroBeta_Data\StreamingAssets\Video\HD\Yorozuya\Skyscraper\SkycraperNightRain.usm
09:57:54 <Warn:CheckByPkgVersion> The file is not correct : C:\Pro Player\PS\ZZZ PS\ZZZ_2.2.x\ZenlessZoneZeroBeta_Data\StreamingAssets\Video\HD\Yorozuya\Skyscraper\SkycraperNightSunshine.usm
09:57:54 <Warn:CheckByPkgVersion> The file is not correct : C:\Pro Player\PS\ZZZ PS\ZZZ_2.2.x\ZenlessZoneZeroBeta_Data\StreamingAssets\Video\HD\Yorozuya\Skyscraper\SkyscraperDayFoggy.usm
09:57:54 <Warn:CheckByPkgVersion> The file is not correct : C:\Pro Player\PS\ZZZ PS\ZZZ_2.2.x\ZenlessZoneZeroBeta_Data\StreamingAssets\Video\HD\Yorozuya\Skyscraper\SkyscraperDaySunny.usm
09:57:54 <Warn:CheckByPkgVersion> The file is not correct : C:\Pro Player\PS\ZZZ PS\ZZZ_2.2.x\ZenlessZoneZeroBeta_Data\StreamingAssets\Video\HD\Yorozuya\Skyscraper\SkyscraperDayThunderstorm.usm
09:57:54 <Warn:CheckByPkgVersion> The file is not correct : C:\Pro Player\PS\ZZZ PS\ZZZ_2.2.x\ZenlessZoneZeroBeta_Data\StreamingAssets\Video\HD\Yorozuya\Skyscraper\SkyscraperEveningFoggy.usm
09:57:54 <Warn:CheckByPkgVersion> The file is not correct : C:\Pro Player\PS\ZZZ PS\ZZZ_2.2.x\ZenlessZoneZeroBeta_Data\StreamingAssets\Video\HD\Yorozuya\Skyscraper\SkyscraperEveningSunny.usm
09:57:54 <Warn:CheckByPkgVersion> The file is not correct : C:\Pro Player\PS\ZZZ PS\ZZZ_2.2.x\ZenlessZoneZeroBeta_Data\StreamingAssets\Video\HD\Yorozuya\Skyscraper\SkyscraperEveningThunderstorm.usm
09:57:54 <Warn:CheckByPkgVersion> The file is not correct : C:\Pro Player\PS\ZZZ PS\ZZZ_2.2.x\ZenlessZoneZeroBeta_Data\StreamingAssets\Video\HD\Yorozuya\Skyscraper\SkyScraperHEveningSunshine.usm
09:57:54 <Warn:CheckByPkgVersion> The file is not correct : C:\Pro Player\PS\ZZZ PS\ZZZ_2.2.x\ZenlessZoneZeroBeta_Data\StreamingAssets\Video\HD\Yorozuya\Skyscraper\SkyscraperNightFoggy.usm
09:57:54 <Warn:CheckByPkgVersion> The file is not correct : C:\Pro Player\PS\ZZZ PS\ZZZ_2.2.x\ZenlessZoneZeroBeta_Data\StreamingAssets\Video\HD\Yorozuya\Skyscraper\SkyscraperNightSunny.usm
09:57:54 <Warn:CheckByPkgVersion> The file is not correct : C:\Pro Player\PS\ZZZ PS\ZZZ_2.2.x\ZenlessZoneZeroBeta_Data\StreamingAssets\Video\HD\Yorozuya\Skyscraper\SkyscraperNightThunderstorm.usm
09:57:54 <Warn:CheckByPkgVersion> The file is not correct : C:\Pro Player\PS\ZZZ PS\ZZZ_2.2.x\ZenlessZoneZeroBeta_Data\StreamingAssets\Video\HD\Yorozuya\YuguoFantasy\YuguoFantasyNightSunShine.usm
09:57:54 <Warn:CheckByPkgVersion> The file is not correct : C:\Pro Player\PS\ZZZ PS\ZZZ_2.2.x\ZenlessZoneZeroBeta_Data\StreamingAssets\Video\HD\Yorozuya\Zero\ChallengeZero01.usm
09:57:54 <Warn:CheckByPkgVersion> The file is not correct : C:\Pro Player\PS\ZZZ PS\ZZZ_2.2.x\ZenlessZoneZeroBeta_Data\StreamingAssets\Video\HD\Yorozuya\Zero\ChallengeZero02.usm
09:57:54 <Warn:CheckByPkgVersion> The file is not correct : C:\Pro Player\PS\ZZZ PS\ZZZ_2.2.x\ZenlessZoneZeroBeta_Data\StreamingAssets\Video\HD\Yorozuya\Zero\ChallengeZero03.usm
09:57:54 <Warn:CheckByPkgVersion> The file is not correct : C:\Pro Player\PS\ZZZ PS\ZZZ_2.2.x\ZenlessZoneZeroBeta_Data\StreamingAssets\Video\HD\Yorozuya\Zero\ChallengeZero04.usm
09:57:54 <Warn:CheckByPkgVersion> The file is not correct : C:\Pro Player\PS\ZZZ PS\ZZZ_2.2.x\ZenlessZoneZeroBeta_Data\StreamingAssets\Video\HD\Yorozuya\Zero\ChallengeZero05.usm
09:57:54 <Erro:PkgVersionCheck> Sorry, the update process was exited because the original files aren't correct.
09:57:54 <Erro:PkgVersionCheck> Press any key to continue. 
